Archive member included because of file (symbol)

C:/Users/Student6/Downloads/Programs/Telium SDK/SDK11.16.4.02/SDK11.16.4.02/SDKTPLUS/HW_T2/gnu_434/lib/eft30tplus.lib(Beep.o)
                              Obj/GNU_ARM_DEBUG_T2/SaleScreen.o (Beep)
C:/Users/Student6/Downloads/Programs/Telium SDK/SDK11.16.4.02/SDK11.16.4.02/SDKTPLUS/HW_T2/gnu_434/lib/eft30tplus.lib(extenstp1.o)
                              C:/Users/Student6/Downloads/Programs/Telium SDK/SDK11.16.4.02/SDK11.16.4.02/SDKTPLUS/HW_T2/gnu_434/lib/eft30tplus.lib(Beep.o) (extenslib_open)
C:/Users/Student6/Downloads/Programs/Telium SDK/SDK11.16.4.02/SDK11.16.4.02/SDKTPLUS/HW_T2/gnu_434/lib/eft30tplus.lib(DisplayFooter.o)
                              Obj/GNU_ARM_DEBUG_T2/Menu.o (DisplayFooter)
C:/Users/Student6/Downloads/Programs/Telium SDK/SDK11.16.4.02/SDK11.16.4.02/SDKTPLUS/HW_T2/gnu_434/lib/eft30tplus.lib(DisplayHeader.o)
                              Obj/GNU_ARM_DEBUG_T2/Menu.o (DisplayHeader)
C:/Users/Student6/Downloads/Programs/Telium SDK/SDK11.16.4.02/SDK11.16.4.02/SDKTPLUS/HW_T2/gnu_434/lib/eft30tplus.lib(DisplayLeds.o)
                              Obj/GNU_ARM_DEBUG_T2/Menu.o (DisplayLeds)
C:/Users/Student6/Downloads/Programs/Telium SDK/SDK11.16.4.02/SDK11.16.4.02/SDKTPLUS/HW_T2/gnu_434/lib/eft30tplus.lib(Telium_Read_date.o)
                              Obj/GNU_ARM_DEBUG_T2/Entry.o (Telium_Read_date)
C:/Users/Student6/Downloads/Programs/Telium SDK/SDK11.16.4.02/SDK11.16.4.02/SDKTPLUS/HW_T2/gnu_434/lib/eft30tplus.lib(IsISO1.o)
                              Obj/GNU_ARM_DEBUG_T2/cardProcess.o (IsISO1)
C:/Users/Student6/Downloads/Programs/Telium SDK/SDK11.16.4.02/SDK11.16.4.02/SDKTPLUS/HW_T2/gnu_434/lib/eft30tplus.lib(IsISO2.o)
                              Obj/GNU_ARM_DEBUG_T2/cardProcess.o (IsISO2)
C:/Users/Student6/Downloads/Programs/Telium SDK/SDK11.16.4.02/SDK11.16.4.02/SDKTPLUS/HW_T2/gnu_434/lib/eft30tplus.lib(IsISO3.o)
                              Obj/GNU_ARM_DEBUG_T2/cardProcess.o (IsISO3)
C:/Users/Student6/Downloads/Programs/Telium SDK/SDK11.16.4.02/SDK11.16.4.02/SDKTPLUS/HW_T2/gnu_434/lib/eft30tplus.lib(Telium_ServiceRegister.o)
                              Obj/GNU_ARM_DEBUG_T2/Entry.o (Telium_ServiceRegister)
C:/Users/Student6/Downloads/Programs/Telium SDK/SDK11.16.4.02/SDK11.16.4.02/SDKTPLUS/HW_T2/gnu_434/lib/eft30tplus.lib(Telium_Atoi.o)
                              Obj/GNU_ARM_DEBUG_T2/cashBackScreen.o (atoi)
C:/Users/Student6/Downloads/Programs/Telium SDK/SDK11.16.4.02/SDK11.16.4.02/SDKTPLUS/HW_T2/gnu_434/lib/eft30tplus.lib(Telium_Pprintf.o)
                              Obj/GNU_ARM_DEBUG_T2/Entry.o (Telium_Pprintf)
C:/Users/Student6/Downloads/Programs/Telium SDK/SDK11.16.4.02/SDK11.16.4.02/SDKTPLUS/HW_T2/gnu_434/lib/eft30tplus.lib(Telium_Stdprt.o)
                              C:/Users/Student6/Downloads/Programs/Telium SDK/SDK11.16.4.02/SDK11.16.4.02/SDKTPLUS/HW_T2/gnu_434/lib/eft30tplus.lib(Telium_Pprintf.o) (Telium_Stdprt)
C:/Users/Student6/Downloads/Programs/Telium SDK/SDK11.16.4.02/SDK11.16.4.02/SDKTPLUS/HW_T2/gnu_434/lib/eft30tplus.lib(sprintf.o)
                              Obj/GNU_ARM_DEBUG_T2/Entry.o (sprintf)
C:/Users/Student6/Downloads/Programs/Telium SDK/SDK11.16.4.02/SDK11.16.4.02/SDKTPLUS/HW_T2/gnu_434/lib/eft30tplus.lib(toolstp1.o)
                              C:/Users/Student6/Downloads/Programs/Telium SDK/SDK11.16.4.02/SDK11.16.4.02/SDKTPLUS/HW_T2/gnu_434/lib/eft30tplus.lib(Telium_Read_date.o) (toolslib_open)
C:/Users/Student6/Downloads/Programs/Telium SDK/SDK11.16.4.02/SDK11.16.4.02/SDKTPLUS/HW_T2/gnu_434/lib/TRAP_TELIUM_PLUS.LIB(ApplicationGetCurrent.o)
                              Obj/GNU_ARM_DEBUG_T2/Main.o (ApplicationGetCurrent)
C:/Users/Student6/Downloads/Programs/Telium SDK/SDK11.16.4.02/SDK11.16.4.02/SDKTPLUS/HW_T2/gnu_434/lib/TRAP_TELIUM_PLUS.LIB(FS_close.o)
                              Obj/GNU_ARM_DEBUG_T2/Entry.o (FS_close)
C:/Users/Student6/Downloads/Programs/Telium SDK/SDK11.16.4.02/SDK11.16.4.02/SDKTPLUS/HW_T2/gnu_434/lib/TRAP_TELIUM_PLUS.LIB(FS_length.o)
                              Obj/GNU_ARM_DEBUG_T2/Entry.o (FS_length)
C:/Users/Student6/Downloads/Programs/Telium SDK/SDK11.16.4.02/SDK11.16.4.02/SDKTPLUS/HW_T2/gnu_434/lib/TRAP_TELIUM_PLUS.LIB(FS_mount.o)
                              Obj/GNU_ARM_DEBUG_T2/Entry.o (FS_mount)
C:/Users/Student6/Downloads/Programs/Telium SDK/SDK11.16.4.02/SDK11.16.4.02/SDKTPLUS/HW_T2/gnu_434/lib/TRAP_TELIUM_PLUS.LIB(FS_open.o)
                              Obj/GNU_ARM_DEBUG_T2/Entry.o (FS_open)
C:/Users/Student6/Downloads/Programs/Telium SDK/SDK11.16.4.02/SDK11.16.4.02/SDKTPLUS/HW_T2/gnu_434/lib/TRAP_TELIUM_PLUS.LIB(FS_read.o)
                              Obj/GNU_ARM_DEBUG_T2/Entry.o (FS_read)
C:/Users/Student6/Downloads/Programs/Telium SDK/SDK11.16.4.02/SDK11.16.4.02/SDKTPLUS/HW_T2/gnu_434/lib/TRAP_TELIUM_PLUS.LIB(FS_unmount.o)
                              Obj/GNU_ARM_DEBUG_T2/Entry.o (FS_unmount)
[...]
Memory Configuration

Name             Origin             Length             Attributes
*default*        0x00000000         0xffffffff

Linker script and memory map

                0x00001000                . = 0x1000
                0x00001000                __text_start = .

.text           0x00001000     0x8330
 *(.first)
 .first         0x00001000       0x8c C:/Users/Student6/Downloads/Programs/Telium SDK/SDK11.16.4.02/SDK11.16.4.02/SDKTPLUS/HW_T2/gnu_434/startfiles/cstartupTplus.o
                0x00001000                _start
 *(.text .text.*)
 .text          0x0000108c      0x104 C:/Users/Student6/Downloads/Programs/Telium SDK/SDK11.16.4.02/SDK11.16.4.02/SDKTPLUS/HW_T2/gnu_434/startfiles/cstartupTplus.o
                0x0000113c                __stack_chk_fail
 .text          0x00001190       0xc0 C:/Users/Student6/Downloads/Programs/Telium SDK/SDK11.16.4.02/SDK11.16.4.02/SDKTPLUS/HW_T2/gnu_434/startfiles/libcpatch.o
                0x00001190                _calloc_r
                0x000011e0                _free_r
                0x000011fc                _malloc_r
                0x00001224                _realloc_r
 .text          0x00001250      0x2a8 Obj/GNU_ARM_DEBUG_T2/Main.o
                0x00001250                Main
 .text          0x000014f8      0xfec Obj/GNU_ARM_DEBUG_T2/Entry.o
                0x000014f8                give_your_domain
                0x0000155c                after_reset
                0x000015b8                is_name
                0x00001654                is_state
                0x000016ac                idle_message
                0x00001778                more_function
                0x000017ac                keyboard_event
                0x00001818                state
                0x000018fc                consult
                0x000019b0                mcall
                0x00001a64                is_time_function
                0x00001abc                time_function
                0x00001b30                is_change_init
                0x00001bc0                modif_param
                0x00001c50                is_evol_pg
                0x00001ca8                is_delete
                0x00001ce0                file_received
                0x00001e60                message_received
                0x00001f18                is_card_specific
                0x00001f70                card_inside
                0x00001fc4                is_for_you_after
                0x00002164                debit_non_emv
                0x000022bc                give_your_specific_context
                0x000023dc                give_interface
                0x00002440                entry
 .text          0x000024e4      0x1f0 Obj/GNU_ARM_DEBUG_T2/Menu.o
                0x000024e4                menuGoalDisplay
                0x000025a8                initUIContext
                0x00002650                releaseUIContext
 .text          0x000026d4       0xcc Obj/GNU_ARM_DEBUG_T2/Utils.o
                0x000026d4                utilsCheckSale
                0x0000271c                utilsCheckBill
                0x00002758                utilsCheckSaleAmount
 .text          0x000027a0      0x230 Obj/GNU_ARM_DEBUG_T2/SaleScreen.o
                0x000027a0                saleScreenResource
 .text          0x000029d0      0x1bc Obj/GNU_ARM_DEBUG_T2/billPayScreen.o
                0x000029d0                billPayScreenResource
 .text          0x00002b8c      0x238 Obj/GNU_ARM_DEBUG_T2/cashBackScreen.o
                0x00002b8c                cashBackScreenResource
 .text          0x00002dc4      0x598 Obj/GNU_ARM_DEBUG_T2/cardProcess.o
                0x00002dc4                checkISO
                0x00002ed0                swipeOrCard
                0x00002f1c                waitCard
 .text          0x0000335c       0x54 C:/Users/Student6/Downloads/Programs/Telium SDK/SDK11.16.4.02/SDK11.16.4.02/SDKTPLUS/HW_T2/gnu_434/lib/eft30tplus.lib(Beep.o)
                0x00003364                Beep
 .text          0x000033b0       0x74 C:/Users/Student6/Downloads/Programs/Telium SDK/SDK11.16.4.02/SDK11.16.4.02/SDKTPLUS/HW_T2/gnu_434/lib/eft30tplus.lib(extenstp1.o)
                0x000033b0                extenslib_close
                0x000033c4                extenslib_open
                0x00003400                GetProcAddressExtens
 .text          0x00003424       0x5c C:/Users/Student6/Downloads/Programs/Telium SDK/SDK11.16.4.02/SDK11.16.4.02/SDKTPLUS/HW_T2/gnu_434/lib/eft30tplus.lib(DisplayFooter.o)
                0x00003434                DisplayFooter
 .text          0x00003480       0x5c C:/Users/Student6/Downloads/Programs/Telium SDK/SDK11.16.4.02/SDK11.16.4.02/SDKTPLUS/HW_T2/gnu_434/lib/eft30tplus.lib(DisplayHeader.o)
                0x00003490                DisplayHeader
 .text          0x000034dc       0x58 C:/Users/Student6/Downloads/Programs/Telium SDK/SDK11.16.4.02/SDK11.16.4.02/SDKTPLUS/HW_T2/gnu_434/lib/eft30tplus.lib(DisplayLeds.o)
                0x000034e8                DisplayLeds
 .text          0x00003534       0x60 C:/Users/Student6/Downloads/Programs/Telium SDK/SDK11.16.4.02/SDK11.16.4.02/SDKTPLUS/HW_T2/gnu_434/lib/eft30tplus.lib(Telium_Read_date.o)
                0x00003548                Telium_Read_date
 .text          0x00003594       0x5c C:/Users/Student6/Downloads/Programs/Telium SDK/SDK11.16.4.02/SDK11.16.4.02/SDKTPLUS/HW_T2/gnu_434/lib/eft30tplus.lib(IsISO1.o)
                0x0000359c                IsISO1
 .text          0x000035f0       0x5c C:/Users/Student6/Downloads/Programs/Telium SDK/SDK11.16.4.02/SDK11.16.4.02/SDKTPLUS/HW_T2/gnu_434/lib/eft30tplus.lib(IsISO2.o)
                0x000035f8                IsISO2
 .text          0x0000364c       0x5c C:/Users/Student6/Downloads/Programs/Telium SDK/SDK11.16.4.02/SDK11.16.4.02/SDKTPLUS/HW_T2/gnu_434/lib/eft30tplus.lib(IsISO3.o)
                0x00003654                IsISO3
 .text          0x000036a8       0x64 C:/Users/Student6/Downloads/Programs/Telium SDK/SDK11.16.4.02/SDK11.16.4.02/SDKTPLUS/HW_T2/gnu_434/lib/eft30tplus.lib(Telium_ServiceRegister.o)
                0x000036c0                Telium_ServiceRegister
 .text          0x0000370c       0x50 C:/Users/Student6/Downloads/Programs/Telium SDK/SDK11.16.4.02/SDK11.16.4.02/SDKTPLUS/HW_T2/gnu_434/lib/eft30tplus.lib(Telium_Atoi.o)
                0x0000370c                atol
                0x00003750                atoi
 .text          0x0000375c       0x34 C:/Users/Student6/Downloads/Programs/Telium SDK/SDK11.16.4.02/SDK11.16.4.02/SDKTPLUS/HW_T2/gnu_434/lib/eft30tplus.lib(Telium_Pprintf.o)
                0x0000375c                Telium_Pprintf
 .text          0x00003790       0x20 C:/Users/Student6/Downloads/Programs/Telium SDK/SDK11.16.4.02/SDK11.16.4.02/SDKTPLUS/HW_T2/gnu_434/lib/eft30tplus.lib(Telium_Stdprt.o)
                0x00003798                Telium_Stdprt
 .text          0x000037b0       0x20 C:/Users/Student6/Downloads/Programs/Telium SDK/SDK11.16.4.02/SDK11.16.4.02/SDKTPLUS/HW_T2/gnu_434/lib/eft30tplus.lib(sprintf.o)
                0x000037b0                sprintf
 .text          0x000037d0       0x78 C:/Users/Student6/Downloads/Programs/Telium SDK/SDK11.16.4.02/SDK11.16.4.02/SDKTPLUS/HW_T2/gnu_434/lib/eft30tplus.lib(toolstp1.o)
                0x000037d0                toolslib_close
                0x000037e4                toolslib_open
                0x00003824                GetProcAddressTools
 .text          0x00003848        0xe C:/Users/Student6/Downloads/Programs/Telium SDK/SDK11.16.4.02/SDK11.16.4.02/SDKTPLUS/HW_T2/gnu_434/lib/TRAP_TELIUM_PLUS.LIB(ApplicationGetCurrent.o)
                0x00003848                ApplicationGetCurrent
 .text          0x00003856        0xe C:/Users/Student6/Downloads/Programs/Telium SDK/SDK11.16.4.02/SDK11.16.4.02/SDKTPLUS/HW_T2/gnu_434/lib/TRAP_TELIUM_PLUS.LIB(FS_close.o)
                0x00003856                FS_close
 .text          0x00003864        0xe C:/Users/Student6/Downloads/Programs/Telium SDK/SDK11.16.4.02/SDK11.16.4.02/SDKTPLUS/HW_T2/gnu_434/lib/TRAP_TELIUM_PLUS.LIB(FS_length.o)
                0x00003864                FS_length
 .text          0x00003872        0xe C:/Users/Student6/Downloads/Programs/Telium SDK/SDK11.16.4.02/SDK11.16.4.02/SDKTPLUS/HW_T2/gnu_434/lib/TRAP_TELIUM_PLUS.LIB(FS_mount.o)
                0x00003872                FS_mount
 .text          0x00003880        0xe C:/Users/Student6/Downloads/Programs/Telium SDK/SDK11.16.4.02/SDK11.16.4.02/SDKTPLUS/HW_T2/gnu_434/lib/TRAP_TELIUM_PLUS.LIB(FS_open.o)
                0x00003880                FS_open
 .text          0x0000388e        0xe C:/Users/Student6/Downloads/Programs/Telium SDK/SDK11.16.4.02/SDK11.16.4.02/SDKTPLUS/HW_T2/gnu_434/lib/TRAP_TELIUM_PLUS.LIB(FS_read.o)
                0x0000388e                FS_read
 .text          0x0000389c        0xe C:/Users/Student6/Downloads/Programs/Telium SDK/SDK11.16.4.02/SDK11.16.4.02/SDKTPLUS/HW_T2/gnu_434/lib/TRAP_TELIUM_PLUS.LIB(FS_unmount.o)
                0x0000389c                FS_unmount
 .text          0x000038aa        0xe C:/Users/Student6/Downloads/Programs/Telium SDK/SDK11.16.4.02/SDK11.16.4.02/SDKTPLUS/HW_T2/gnu_434/lib/TRAP_TELIUM_PLUS.LIB(ObjectGetInfo.o)
                0x000038aa                ObjectGetInfo
 .text          0x000038b8        0xe C:/Users/Student6/Downloads/Programs/Telium SDK/SDK11.16.4.02/SDK11.16.4.02/SDKTPLUS/HW_T2/gnu_434/lib/TRAP_TELIUM_PLUS.LIB(Telium_Exit.o)
                0x000038b8                Telium_Exit
 .text          0x000038c6        0xe C:/Users/Student6/Downloads/Programs/Telium SDK/SDK11.16.4.02/SDK11.16.4.02/SDKTPLUS/HW_T2/gnu_434/lib/TRAP_TELIUM_PLUS.LIB(Telium_Fclose.o)
                0x000038c6                Telium_Fclose
 .text          0x000038d4        0xe C:/Users/Student6/Downloads/Programs/Telium SDK/SDK11.16.4.02/SDK11.16.4.02/SDKTPLUS/HW_T2/gnu_434/lib/TRAP_TELIUM_PLUS.LIB(Telium_Fopen.o)
                0x000038d4                Telium_Fopen
 .text          0x000038e2        0xe C:/Users/Student6/Downloads/Programs/Telium SDK/SDK11.16.4.02/SDK11.16.4.02/SDKTPLUS/HW_T2/gnu_434/lib/TRAP_TELIUM_PLUS.LIB(Telium_Is_iso1.o)
                0x000038e2                Telium_Is_iso1
 .text          0x000038f0        0xe C:/Users/Student6/Downloads/Programs/Telium SDK/SDK11.16.4.02/SDK11.16.4.02/SDKTPLUS/HW_T2/gnu_434/lib/TRAP_TELIUM_PLUS.LIB(Telium_Is_iso2.o)
                0x000038f0                Telium_Is_iso2
 .text          0x000038fe        0xe C:/Users/Student6/Downloads/Programs/Telium SDK/SDK11.16.4.02/SDK11.16.4.02/SDKTPLUS/HW_T2/gnu_434/lib/TRAP_TELIUM_PLUS.LIB(Telium_Is_iso3.o)
                0x000038fe                Telium_Is_iso3
 .text          0x0000390c        0xe C:/Users/Student6/Downloads/Programs/Telium SDK/SDK11.16.4.02/SDK11.16.4.02/SDKTPLUS/HW_T2/gnu_434/lib/TRAP_TELIUM_PLUS.LIB(Telium_Status.o)
                0x0000390c                Telium_Status
 .text          0x0000391a        0xe C:/Users/Student6/Downloads/Programs/Telium SDK/SDK11.16.4.02/SDK11.16.4.02/SDKTPLUS/HW_T2/gnu_434/lib/TRAP_TELIUM_PLUS.LIB(Telium_Stdperif.o)
                0x0000391a                Telium_Stdperif
 .text          0x00003928        0xe C:/Users/Student6/Downloads/Programs/Telium SDK/SDK11.16.4.02/SDK11.16.4.02/SDKTPLUS/HW_T2/gnu_434/lib/TRAP_TELIUM_PLUS.LIB(Telium_Ttestall.o)
                0x00003928                Telium_Ttestall
 .text          0x00003936        0xe C:/Users/Student6/Downloads/Programs/Telium SDK/SDK11.16.4.02/SDK11.16.4.02/SDKTPLUS/HW_T2/gnu_434/lib/TRAP_TELIUM_PLUS.LIB(Telium_Vfprintf.o)
                0x00003936                Telium_Vfprintf
 .text          0x00003944        0xe C:/Users/Student6/Downloads/Programs/Telium SDK/SDK11.16.4.02/SDK11.16.4.02/SDKTPLUS/HW_T2/gnu_434/lib/TRAP_TELIUM_PLUS.LIB(Telium_Vsprintf.o)
                0x00003944                Telium_Vsprintf
 .text          0x00003952        0xe C:/Users/Student6/Downloads/Programs/Telium SDK/SDK11.16.4.02/SDK11.16.4.02/SDKTPLUS/HW_T2/gnu_434/lib/TRAP_TELIUM_PLUS.LIB(first_init.o)
                0x00003952                first_init
 .text          0x00003960        0xe C:/Users/Student6/Downloads/Programs/Telium SDK/SDK11.16.4.02/SDK11.16.4.02/SDKTPLUS/HW_T2/gnu_434/lib/TRAP_TELIUM_PLUS.LIB(raz_init.o)
                0x00003960                raz_init
 .text          0x0000396e        0xe C:/Users/Student6/Downloads/Programs/Telium SDK/SDK11.16.4.02/SDK11.16.4.02/SDKTPLUS/HW_T2/gnu_434/lib/TRAP_TELIUM_PLUS.LIB(ufree.o)
                0x0000396e                ufree
 .text          0x0000397c        0xe C:/Users/Student6/Downloads/Programs/Telium SDK/SDK11.16.4.02/SDK11.16.4.02/SDKTPLUS/HW_T2/gnu_434/lib/TRAP_TELIUM_PLUS.LIB(umalloc.o)
                0x0000397c                umalloc
 .text          0x0000398a        0xe C:/Users/Student6/Downloads/Programs/Telium SDK/SDK11.16.4.02/SDK11.16.4.02/SDKTPLUS/HW_T2/gnu_434/lib/TRAP_TELIUM_PLUS.LIB(urealloc.o)
                0x0000398a                urealloc
 .text          0x00003998        0xc C:/Users/Student6/Downloads/Programs/Telium SDK/SDK11.16.4.02/SDK11.16.4.02/SDKTPLUS/HW_T2/gnu_434/lib/OSLAYER.LIB(OSL_Dll_Close.o)
                0x00003998                OSL_Dll_Close
 .text          0x000039a4        0xc C:/Users/Student6/Downloads/Programs/Telium SDK/SDK11.16.4.02/SDK11.16.4.02/SDKTPLUS/HW_T2/gnu_434/lib/OSLAYER.LIB(OSL_Dll_GetSymbolByName.o)
                0x000039a4                OSL_Dll_GetSymbolByName
 .text          0x000039b0        0xc C:/Users/Student6/Downloads/Programs/Telium SDK/SDK11.16.4.02/SDK11.16.4.02/SDKTPLUS/HW_T2/gnu_434/lib/OSLAYER.LIB(OSL_Dll_OpenByAppliType.o)
                0x000039b0                OSL_Dll_OpenByAppliType
 .text          0x000039bc       0x24 C:/Users/Student6/Downloads/Programs/Telium SDK/SDK11.16.4.02/SDK11.16.4.02/SDKTPLUS/HW_T2/gnu_434/lib/GRAPHICLIB.LIB(GL_Dialog_Amount.o)
                0x000039c8                GL_Dialog_Amount
 .text          0x000039e0       0x24 C:/Users/Student6/Downloads/Programs/Telium SDK/SDK11.16.4.02/SDK11.16.4.02/SDKTPLUS/HW_T2/gnu_434/lib/GRAPHICLIB.LIB(GL_Dialog_Menu.o)
                0x000039ec                GL_Dialog_Menu
 .text          0x00003a04       0x24 C:/Users/Student6/Downloads/Programs/Telium SDK/SDK11.16.4.02/SDK11.16.4.02/SDKTPLUS/HW_T2/gnu_434/lib/GRAPHICLIB.LIB(GL_Dialog_Message.o)
                0x00003a10                GL_Dialog_Message
 .text          0x00003a28       0x24 C:/Users/Student6/Downloads/Programs/Telium SDK/SDK11.16.4.02/SDK11.16.4.02/SDKTPLUS/HW_T2/gnu_434/lib/GRAPHICLIB.LIB(GL_Dialog_Password.o)
                0x00003a34                GL_Dialog_Password
 .text          0x00003a4c       0xbc C:/Users/Student6/Downloads/Programs/Telium SDK/SDK11.16.4.02/SDK11.16.4.02/SDKTPLUS/HW_T2/gnu_434/lib/GRAPHICLIB.LIB(GL_GraphicLib_Create.o)
                0x00003a4c                GL_GraphicLib_Create
                0x00003ac8                GL_GraphicLib_Create_Init
 .text          0x00003b08       0x24 C:/Users/Student6/Downloads/Programs/Telium SDK/SDK11.16.4.02/SDK11.16.4.02/SDKTPLUS/HW_T2/gnu_434/lib/GRAPHICLIB.LIB(GL_Label_Create.o)
                0x00003b14                GL_Label_Create
 .text          0x00003b2c       0x24 C:/Users/Student6/Downloads/Programs/Telium SDK/SDK11.16.4.02/SDK11.16.4.02/SDKTPLUS/HW_T2/gnu_434/lib/GRAPHICLIB.LIB(GL_Widget_Destroy.o)
                0x00003b38                GL_Widget_Destroy
 .text          0x00003b50       0x24 C:/Users/Student6/Downloads/Programs/Telium SDK/SDK11.16.4.02/SDK11.16.4.02/SDKTPLUS/HW_T2/gnu_434/lib/GRAPHICLIB.LIB(GL_Widget_SetBackAlign.o)
                0x00003b5c                GL_Widget_SetBackAlign
 .text          0x00003b74       0x24 C:/Users/Student6/Downloads/Programs/Telium SDK/SDK11.16.4.02/SDK11.16.4.02/SDKTPLUS/HW_T2/gnu_434/lib/GRAPHICLIB.LIB(GL_Widget_SetFontScale.o)
                0x00003b80                GL_Widget_SetFontScale
 .text          0x00003b98       0x24 C:/Users/Student6/Downloads/Programs/Telium SDK/SDK11.16.4.02/SDK11.16.4.02/SDKTPLUS/HW_T2/gnu_434/lib/GRAPHICLIB.LIB(GL_Widget_SetText.o)
                0x00003ba4                GL_Widget_SetText
 .text          0x00003bbc       0x24 C:/Users/Student6/Downloads/Programs/Telium SDK/SDK11.16.4.02/SDK11.16.4.02/SDKTPLUS/HW_T2/gnu_434/lib/GRAPHICLIB.LIB(GL_Window_Create.o)
                0x00003bc8                GL_Window_Create
 .text          0x00003be0       0x24 C:/Users/Student6/Downloads/Programs/Telium SDK/SDK11.16.4.02/SDK11.16.4.02/SDKTPLUS/HW_T2/gnu_434/lib/GRAPHICLIB.LIB(GL_Window_Dispatch.o)
                0x00003bec                GL_Window_Dispatch
 .text          0x00003c04      0x114 C:/Users/Student6/Downloads/Programs/Telium SDK/SDK11.16.4.02/SDK11.16.4.02/SDKTPLUS/HW_T2/gnu_434/lib/GRAPHICLIB.LIB(GL_link.o)
                0x00003c04                GL_IsPresent
                0x00003c40                GL_GetProcAddressWithoutExit
                0x00003cd8                GL_GetProcAddress
 .text          0x00003d18       0x2c C:/Users/Student6/Downloads/Programs/Telium SDK/SDK11.16.4.02/SDK11.16.4.02/SDKTPLUS/HW_T2/gnu_434/lib/GRAPHICLIB.LIB(gl_asm_link.o)
                0x00003d18                GL_InitFuncAndBranch
                0x00003d28                GL_Swi_ObjectLoad
                0x00003d36                GL_Swi_DllLink
 .text          0x00003d44       0x1c C:/Users/Student6/Downloads/Programs/IngeDev_8.18.0.5/toolchains/gnuArm4/arm-elf/lib/thumb/soft/interwork/libc.a(lib_a-memcpy.o)
                0x00003d44                memcpy
 .text          0x00003d60       0x10 C:/Users/Student6/Downloads/Programs/IngeDev_8.18.0.5/toolchains/gnuArm4/arm-elf/lib/thumb/soft/interwork/libc.a(lib_a-memset.o)
                0x00003d60                memset
 .text          0x00003d70       0xa0 C:/Users/Student6/Downloads/Programs/IngeDev_8.18.0.5/toolchains/gnuArm4/arm-elf/lib/thumb/soft/interwork/libc.a(lib_a-sscanf.o)
                0x00003d70                _sscanf_r
                0x00003dc0                sscanf
 .text          0x00003e10       0xac C:/Users/Student6/Downloads/Programs/IngeDev_8.18.0.5/toolchains/gnuArm4/arm-elf/lib/thumb/soft/interwork/libc.a(lib_a-stdio.o)
                0x00003e10                __seofread
                0x00003e14                __sclose
                0x00003e24                __sseek
                0x00003e54                __swrite
                0x00003e90                __sread
 .text          0x00003ebc       0x1c C:/Users/Student6/Downloads/Programs/IngeDev_8.18.0.5/toolchains/gnuArm4/arm-elf/lib/thumb/soft/interwork/libc.a(lib_a-strchr.o)
                0x00003ebc                strchr
 .text          0x00003ed8       0x10 C:/Users/Student6/Downloads/Programs/IngeDev_8.18.0.5/toolchains/gnuArm4/arm-elf/lib/thumb/soft/interwork/libc.a(lib_a-strcpy.o)
                0x00003ed8                strcpy
 .text          0x00003ee8       0x10 C:/Users/Student6/Downloads/Programs/IngeDev_8.18.0.5/toolchains/gnuArm4/arm-elf/lib/thumb/soft/interwork/libc.a(lib_a-strlen.o)
                0x00003ee8                strlen
 .text          0x00003ef8       0x34 C:/Users/Student6/Downloads/Programs/IngeDev_8.18.0.5/toolchains/gnuArm4/arm-elf/lib/thumb/soft/interwork/libc.a(lib_a-strncpy.o)
                0x00003ef8                strncpy
 .text          0x00003f2c      0xc7c C:/Users/Student6/Downloads/Programs/IngeDev_8.18.0.5/toolchains/gnuArm4/arm-elf/lib/thumb/soft/interwork/libc.a(lib_a-svfscanf.o)
                0x00003f2c                __ssvfscanf_r
 .text          0x00004ba8       0x2c C:/Users/Student6/Downloads/Programs/IngeDev_8.18.0.5/toolchains/gnuArm4/arm-elf/lib/thumb/soft/interwork/libc.a(lib_a-writer.o)
                0x00004ba8                _write_r
 .text          0x00004bd4       0x28 C:/Users/Student6/Downloads/Programs/IngeDev_8.18.0.5/toolchains/gnuArm4/arm-elf/lib/thumb/soft/interwork/libc.a(lib_a-closer.o)
                0x00004bd4                _close_r
 .text          0x00004bfc        0x0 C:/Users/Student6/Downloads/Programs/IngeDev_8.18.0.5/toolchains/gnuArm4/arm-elf/lib/thumb/soft/interwork/libc.a(lib_a-ctype_.o)
 .text          0x00004bfc      0x1d4 C:/Users/Student6/Downloads/Programs/IngeDev_8.18.0.5/toolchains/gnuArm4/arm-elf/lib/thumb/soft/interwork/libc.a(lib_a-findfp.o)
                0x00004bfc                __sfp_lock_acquire
                0x00004c00                __sfp_lock_release
                0x00004c04                __sinit_lock_acquire
                0x00004c08                __sinit_lock_release
                0x00004c14                __fp_unlock_all
                0x00004c2c                __fp_lock_all
                0x00004c44                _cleanup_r
                0x00004c54                _cleanup
                0x00004cb8                __sinit
                0x00004d14                __sfmoreglue
                0x00004d48                __sfp
 .text          0x00004dd0       0xa8 C:/Users/Student6/Downloads/Programs/IngeDev_8.18.0.5/toolchains/gnuArm4/arm-elf/lib/thumb/soft/interwork/libc.a(lib_a-fwalk.o)
                0x00004dd0                _fwalk_reent
                0x00004e24                _fwalk
 .text          0x00004e78        0x0 C:/Users/Student6/Downloads/Programs/IngeDev_8.18.0.5/toolchains/gnuArm4/arm-elf/lib/thumb/soft/interwork/libc.a(lib_a-impure.o)
 .text          0x00004e78       0x1c C:/Users/Student6/Downloads/Programs/IngeDev_8.18.0.5/toolchains/gnuArm4/arm-elf/lib/thumb/soft/interwork/libc.a(lib_a-iswspace.o)
                0x00004e78                iswspace
 .text          0x00004e94       0x84 C:/Users/Student6/Downloads/Programs/IngeDev_8.18.0.5/toolchains/gnuArm4/arm-elf/lib/thumb/soft/interwork/libc.a(lib_a-locale.o)
                0x00004e94                __locale_charset
                0x00004e9c                __locale_msgcharset
                0x00004ea4                __locale_cjk_lang
                0x00004ea8                _localeconv_r
                0x00004eb0                localeconv
                0x00004eb8                _setlocale_r
                0x00004efc                setlocale
 .text          0x00004f18       0x2c C:/Users/Student6/Downloads/Programs/IngeDev_8.18.0.5/toolchains/gnuArm4/arm-elf/lib/thumb/soft/interwork/libc.a(lib_a-lseekr.o)
                0x00004f18                _lseek_r
 .text          0x00004f44       0x8c C:/Users/Student6/Downloads/Programs/IngeDev_8.18.0.5/toolchains/gnuArm4/arm-elf/lib/thumb/soft/interwork/libc.a(lib_a-mbrtowc.o)
                0x00004f44                _mbrtowc_r
                0x00004fa4                mbrtowc
 .text          0x00004fd0       0x64 C:/Users/Student6/Downloads/Programs/IngeDev_8.18.0.5/toolchains/gnuArm4/arm-elf/lib/thumb/soft/interwork/libc.a(lib_a-mbtowc_r.o)
                0x00004fd0                __ascii_mbtowc
                0x00004ffc                _mbtowc_r
 .text          0x00005034       0x2c C:/Users/Student6/Downloads/Programs/IngeDev_8.18.0.5/toolchains/gnuArm4/arm-elf/lib/thumb/soft/interwork/libc.a(lib_a-readr.o)
                0x00005034                _read_r
 .text          0x00005060      0x108 C:/Users/Student6/Downloads/Programs/IngeDev_8.18.0.5/toolchains/gnuArm4/arm-elf/lib/thumb/soft/interwork/libc.a(lib_a-reent.o)
                0x00005060                _wrapup_reent
                0x000050a8                cleanup_glue
                0x000050c8                _reclaim_reent
 .text          0x00005168       0x7c C:/Users/Student6/Downloads/Programs/IngeDev_8.18.0.5/toolchains/gnuArm4/arm-elf/lib/thumb/soft/interwork/libc.a(lib_a-s_fpclassify.o)
                0x00005168                __fpclassifyd
 .text          0x000051e4       0x78 C:/Users/Student6/Downloads/Programs/IngeDev_8.18.0.5/toolchains/gnuArm4/arm-elf/lib/thumb/soft/interwork/libc.a(lib_a-sccl.o)
                0x000051e4                __sccl
 .text          0x0000525c        0x8 C:/Users/Student6/Downloads/Programs/IngeDev_8.18.0.5/toolchains/gnuArm4/arm-elf/lib/thumb/soft/interwork/libc.a(lib_a-sf_nan.o)
                0x0000525c                nanf
 .text          0x00005264       0x14 C:/Users/Student6/Downloads/Programs/IngeDev_8.18.0.5/toolchains/gnuArm4/arm-elf/lib/thumb/soft/interwork/libc.a(lib_a-strcmp.o)
                0x00005264                strcmp
 .text          0x00005278      0xc88 C:/Users/Student6/Downloads/Programs/IngeDev_8.18.0.5/toolchains/gnuArm4/arm-elf/lib/thumb/soft/interwork/libc.a(lib_a-strtod.o)
                0x00005278                _strtod_r
                0x00005eb0                strtof
                0x00005ee4                strtod
 .text          0x00005f00      0x154 C:/Users/Student6/Downloads/Programs/IngeDev_8.18.0.5/toolchains/gnuArm4/arm-elf/lib/thumb/soft/interwork/libc.a(lib_a-strtol.o)
                0x00005f00                _strtol_r
                0x00006034                strtol
 .text          0x00006054      0x128 C:/Users/Student6/Downloads/Programs/IngeDev_8.18.0.5/toolchains/gnuArm4/arm-elf/lib/thumb/soft/interwork/libc.a(lib_a-strtoul.o)
                0x00006054                _strtoul_r
                0x0000615c                strtoul
 .text          0x0000617c      0x998 C:/Users/Student6/Downloads/Programs/IngeDev_8.18.0.5/toolchains/gnuArm4/arm-elf/lib/thumb/soft/interwork/libc.a(lib_a-svfiscanf.o)
                0x0000617c                __ssrefill_r
                0x000061c0                _sfread_r
                0x0000623c                _sungetc_r
                0x000062c8                __ssvfiscanf_r
 .text          0x00006b14      0x59c C:/Users/Student6/Downloads/Programs/IngeDev_8.18.0.5/toolchains/gnuArm4/arm-elf/lib/thumb/soft/interwork/libc.a(lib_a-syscalls.o)
                0x00006b14                initialise_monitor_handles
                0x00006b8c                _kill
                0x00006bb4                _exit
                0x00006bcc                _getpid
                0x00006bd0                _link
                0x00006bd8                _raise
                0x00006bdc                _gettimeofday
                0x00006c08                _times
                0x00006c50                _rename
                0x00006c88                _system
                0x00006cd0                _unlink
                0x00006cfc                _swiopen
                0x00006d8c                _open
                0x00006da0                _sbrk
                0x00006e24                _isatty
                0x00006e48                _swiclose
                0x00006e88                _close
                0x00006e98                _swiwrite
                0x00006ec0                _write
                0x00006f28                _swilseek
                0x00006fb4                _lseek
                0x00006fc4                _swiread
                0x00006fec                _read
                0x00007050                _stat
                0x0000708c                _fstat
 .text          0x000070b0      0x17c C:/Users/Student6/Downloads/Programs/IngeDev_8.18.0.5/toolchains/gnuArm4/arm-elf/lib/thumb/soft/interwork/libc.a(lib_a-ungetc.o)
                0x000070b0                __submore
                0x0000712c                _ungetc_r
                0x00007210                ungetc
 .text          0x0000722c        0xc C:/Users/Student6/Downloads/Programs/IngeDev_8.18.0.5/toolchains/gnuArm4/arm-elf/lib/thumb/soft/interwork/libc.a(lib_a-errno.o)
                0x0000722c                __errno
 .text          0x00007238       0xac C:/Users/Student6/Downloads/Programs/IngeDev_8.18.0.5/toolchains/gnuArm4/arm-elf/lib/thumb/soft/interwork/libc.a(lib_a-fclose.o)
                0x00007238                _fclose_r
                0x000072cc                fclose
 .text          0x000072e4      0x18c C:/Users/Student6/Downloads/Programs/IngeDev_8.18.0.5/toolchains/gnuArm4/arm-elf/lib/thumb/soft/interwork/libc.a(lib_a-fflush.o)
                0x000072e4                _fflush_r
                0x0000743c                fflush
 .text          0x00007470      0x54c C:/Users/Student6/Downloads/Programs/IngeDev_8.18.0.5/toolchains/gnuArm4/arm-elf/lib/thumb/soft/interwork/libc.a(lib_a-gdtoa-gethex.o)
                0x00007470                __hexdig_init
                0x0000753c                __gethex
 .text          0x000079bc      0x170 C:/Users/Student6/Downloads/Programs/IngeDev_8.18.0.5/toolchains/gnuArm4/arm-elf/lib/thumb/soft/interwork/libc.a(lib_a-gdtoa-hexnan.o)
                0x000079bc                __hexnan
 .text          0x00007b2c      0x8e8 C:/Users/Student6/Downloads/Programs/IngeDev_8.18.0.5/toolchains/gnuArm4/arm-elf/lib/thumb/soft/interwork/libc.a(lib_a-mprec.o)
                0x00007b2c                _Bfree
                0x00007b44                __hi0bits
                0x00007b8c                __lo0bits
                0x00007bf0                __mcmp
                0x00007c30                __ulp
                0x00007c78                __b2d
                0x00007d34                __ratio
                0x00007d88                _mprec_log10
                0x00007dc8                __copybits
                0x00007dfc                __any_on
                0x00007e4c                _Balloc
                0x00007ea0                __d2b
                0x00007f68                __mdiff
                0x0000807c                __lshift
                0x00008114                __multiply
                0x00008250                __i2b
                0x00008268                __multadd
                0x000082f4                __pow5mult
                0x00008390                __s2b
 .text          0x00008414       0x2c C:/Users/Student6/Downloads/Programs/IngeDev_8.18.0.5/toolchains/gnuArm4/arm-elf/lib/thumb/soft/interwork/libc.a(lib_a-strncmp.o)
                0x00008414                strncmp
 .text          0x00008440       0x8c C:/Users/Student6/Downloads/Programs/IngeDev_8.18.0.5/toolchains/gnuArm4/lib/gcc/arm-elf/4.3.4/thumb/soft/interwork/libgcc.a(_udivsi3.o)
                0x00008440                __udivsi3
                0x00008440                __aeabi_uidiv
                0x000084bc                __aeabi_uidivmod
 .text          0x000084cc       0xa4 C:/Users/Student6/Downloads/Programs/IngeDev_8.18.0.5/toolchains/gnuArm4/lib/gcc/arm-elf/4.3.4/thumb/soft/interwork/libgcc.a(_divsi3.o)
                0x000084cc                __aeabi_idiv
                0x000084cc                __divsi3
                0x00008560                __aeabi_idivmod
 .text          0x00008570       0xc8 C:/Users/Student6/Downloads/Programs/IngeDev_8.18.0.5/toolchains/gnuArm4/lib/gcc/arm-elf/4.3.4/thumb/soft/interwork/libgcc.a(_umodsi3.o)
                0x00008570                __umodsi3
 .text          0x00008638        0x4 C:/Users/Student6/Downloads/Programs/IngeDev_8.18.0.5/toolchains/gnuArm4/lib/gcc/arm-elf/4.3.4/thumb/soft/interwork/libgcc.a(_dvmd_tls.o)
                0x00008638                __aeabi_ldiv0
                0x00008638                __div0
                0x00008638                __aeabi_idiv0
 .text          0x0000863c      0x430 C:/Users/Student6/Downloads/Programs/IngeDev_8.18.0.5/toolchains/gnuArm4/lib/gcc/arm-elf/4.3.4/thumb/soft/interwork/libgcc.a(_addsubdf3.o)
                0x0000863c                __aeabi_drsub
                0x00008644                __subdf3
                0x00008644                __aeabi_dsub
                0x00008648                __aeabi_dadd
                0x00008648                __adddf3
                0x00008958                __aeabi_ui2d
                0x00008958                __floatunsidf
                0x00008980                __floatsidf
                0x00008980                __aeabi_i2d
                0x000089ac                __extendsfdf2
                0x000089ac                __aeabi_f2d
                0x000089ec                __aeabi_ul2d
                0x000089ec                __floatundidf
                0x00008a00                __aeabi_l2d
                0x00008a00                __floatdidf
 .text          0x00008a6c      0x49c C:/Users/Student6/Downloads/Programs/IngeDev_8.18.0.5/toolchains/gnuArm4/lib/gcc/arm-elf/4.3.4/thumb/soft/interwork/libgcc.a(_muldivdf3.o)
                0x00008a6c                __aeabi_dmul
                0x00008a6c                __muldf3
                0x00008cfc                __aeabi_ddiv
                0x00008cfc                __divdf3
 .text          0x00008f08      0x140 C:/Users/Student6/Downloads/Programs/IngeDev_8.18.0.5/toolchains/gnuArm4/lib/gcc/arm-elf/4.3.4/thumb/soft/interwork/libgcc.a(_cmpdf2.o)
                0x00008f08                __gtdf2
                0x00008f08                __gedf2
                0x00008f10                __ltdf2
                0x00008f10                __ledf2
                0x00008f18                __eqdf2
                0x00008f18                __nedf2
                0x00008f18                __cmpdf2
                0x00008f9c                __aeabi_cdrcmple
                0x00008fb8                __aeabi_cdcmple
                0x00008fb8                __aeabi_cdcmpeq
                0x00008fd0                __aeabi_dcmpeq
                0x00008fe8                __aeabi_dcmplt
                0x00009000                __aeabi_dcmple
                0x00009018                __aeabi_dcmpge
                0x00009030                __aeabi_dcmpgt
 .text          0x00009048       0x5c C:/Users/Student6/Downloads/Programs/IngeDev_8.18.0.5/toolchains/gnuArm4/lib/gcc/arm-elf/4.3.4/thumb/soft/interwork/libgcc.a(_fixdfsi.o)
                0x00009048                __fixdfsi
                0x00009048                __aeabi_d2iz
 .text          0x000090a4       0x54 C:/Users/Student6/Downloads/Programs/IngeDev_8.18.0.5/toolchains/gnuArm4/lib/gcc/arm-elf/4.3.4/thumb/soft/interwork/libgcc.a(_fixunsdfsi.o)
                0x000090a4                __fixunsdfsi
                0x000090a4                __aeabi_d2uiz
 .text          0x000090f8       0xa0 C:/Users/Student6/Downloads/Programs/IngeDev_8.18.0.5/toolchains/gnuArm4/lib/gcc/arm-elf/4.3.4/thumb/soft/interwork/libgcc.a(_truncdfsf2.o)
                0x000090f8                __aeabi_d2f
                0x000090f8                __truncdfsf2
 .text          0x00009198      0x110 C:/Users/Student6/Downloads/Programs/IngeDev_8.18.0.5/toolchains/gnuArm4/lib/gcc/arm-elf/4.3.4/thumb/soft/interwork/libgcc.a(_cmpsf2.o)
                0x00009198                __gesf2
                0x00009198                __gtsf2
                0x000091a0                __ltsf2
                0x000091a0                __lesf2
                0x000091a8                __nesf2
                0x000091a8                __eqsf2
                0x000091a8                __cmpsf2
                0x00009208                __aeabi_cfrcmple
                0x00009218                __aeabi_cfcmpeq
                0x00009218                __aeabi_cfcmple
                0x00009230                __aeabi_fcmpeq
                0x00009248                __aeabi_fcmplt
                0x00009260                __aeabi_fcmple
                0x00009278                __aeabi_fcmpge
                0x00009290                __aeabi_fcmpgt
 .text          0x000092a8        0xe C:/Users/Student6/Downloads/Programs/Telium SDK/SDK11.16.4.02/SDK11.16.4.02/SDKTPLUS/HW_T2/gnu_434/lib/TRAP_TELIUM_PLUS.LIB(upload_diagnostic_txt.o)
                0x000092a8                upload_diagnostic_txt
 *fill*         0x000092b6        0x2 00
 .text.stub     0x000092b8       0x78 linker stubs
 *(.gnu.linkonce.t.*)
 *(.strings .strings.*)
 *(.glue_7)
 .glue_7        0x00000000        0x0 linker stubs
 *(.glue_7t)
 .glue_7t       0x00000000        0x0 linker stubs
 *(.gcc_except_table)

.vfp11_veneer   0x00009330        0x0
 .vfp11_veneer  0x00000000        0x0 linker stubs

.v4_bx          0x00009330        0x0
 .v4_bx         0x00000000        0x0 linker stubs

.eh_frame
 *(.eh_frame)

.jcr
 *(.jcr)

.ctors          0x00009330        0x0
                0x00009330                __ctors_start = .
 *(SORT(.ctors.*))
 *(.ctors)
                0x00009330                __ctors_end = .

.dtors          0x00009330        0x0
                0x00009330                __dtors_start = .
 *(SORT(.dtors.*))
 *(.dtors)
                0x00009330                __dtors_end = .

.rodata         0x00009330      0xd1c
 *(.rodata .rodata.*)
 .rodata        0x00009330       0x18 C:/Users/Student6/Downloads/Programs/Telium SDK/SDK11.16.4.02/SDK11.16.4.02/SDKTPLUS/HW_T2/gnu_434/startfiles/cstartupTplus.o
 .rodata        0x00009348       0xd8 Obj/GNU_ARM_DEBUG_T2/Main.o
 .rodata        0x00009420      0x358 Obj/GNU_ARM_DEBUG_T2/Entry.o
 .rodata        0x00009778       0x6c Obj/GNU_ARM_DEBUG_T2/Menu.o
 .rodata        0x000097e4      0x10c Obj/GNU_ARM_DEBUG_T2/SaleScreen.o
 .rodata        0x000098f0      0x148 Obj/GNU_ARM_DEBUG_T2/billPayScreen.o
 .rodata        0x00009a38      0x140 Obj/GNU_ARM_DEBUG_T2/cashBackScreen.o
 .rodata        0x00009b78      0x124 Obj/GNU_ARM_DEBUG_T2/cardProcess.o
 .rodata.str1.1
                0x00009c9c        0x8 C:/Users/Student6/Downloads/Programs/Telium SDK/SDK11.16.4.02/SDK11.16.4.02/SDKTPLUS/HW_T2/gnu_434/lib/eft30tplus.lib(extenstp1.o)
 .rodata.str1.1
                0x00000000        0x8 C:/Users/Student6/Downloads/Programs/Telium SDK/SDK11.16.4.02/SDK11.16.4.02/SDKTPLUS/HW_T2/gnu_434/lib/eft30tplus.lib(toolstp1.o)
 .rodata.str1.1
                0x00009ca4       0x6a C:/Users/Student6/Downloads/Programs/Telium SDK/SDK11.16.4.02/SDK11.16.4.02/SDKTPLUS/HW_T2/gnu_434/lib/GRAPHICLIB.LIB(GL_link.o)
 .rodata.str1.1
                0x00009d0e        0x5 C:/Users/Student6/Downloads/Programs/IngeDev_8.18.0.5/toolchains/gnuArm4/arm-elf/lib/thumb/soft/interwork/libc.a(lib_a-svfscanf.o)
 *fill*         0x00009d13        0x1 00
 .rodata        0x00009d14       0x38 C:/Users/Student6/Downloads/Programs/IngeDev_8.18.0.5/toolchains/gnuArm4/arm-elf/lib/thumb/soft/interwork/libc.a(lib_a-svfscanf.o)
 .rodata        0x00009d4c      0x101 C:/Users/Student6/Downloads/Programs/IngeDev_8.18.0.5/toolchains/gnuArm4/arm-elf/lib/thumb/soft/interwork/libc.a(lib_a-ctype_.o)
                0x00009d4c                _ctype_
 *fill*         0x00009e4d        0x3 00
 .rodata        0x00009e50        0x4 C:/Users/Student6/Downloads/Programs/IngeDev_8.18.0.5/toolchains/gnuArm4/arm-elf/lib/thumb/soft/interwork/libc.a(lib_a-impure.o)
                0x00009e50                _global_impure_ptr
 .rodata.str1.1
                0x00009e54        0x2 C:/Users/Student6/Downloads/Programs/IngeDev_8.18.0.5/toolchains/gnuArm4/arm-elf/lib/thumb/soft/interwork/libc.a(lib_a-impure.o)
 .rodata.str1.1
                0x00009e56        0x8 C:/Users/Student6/Downloads/Programs/IngeDev_8.18.0.5/toolchains/gnuArm4/arm-elf/lib/thumb/soft/interwork/libc.a(lib_a-locale.o)
                                  0xb (size before relaxing)
 *fill*         0x00009e5e        0x2 00
 .rodata        0x00009e60       0x38 C:/Users/Student6/Downloads/Programs/IngeDev_8.18.0.5/toolchains/gnuArm4/arm-elf/lib/thumb/soft/interwork/libc.a(lib_a-locale.o)
 .rodata.str1.1
                0x00000000        0x1 C:/Users/Student6/Downloads/Programs/IngeDev_8.18.0.5/toolchains/gnuArm4/arm-elf/lib/thumb/soft/interwork/libc.a(lib_a-mbrtowc.o)
 .rodata.str1.1
                0x00009e98        0xc C:/Users/Student6/Downloads/Programs/IngeDev_8.18.0.5/toolchains/gnuArm4/arm-elf/lib/thumb/soft/interwork/libc.a(lib_a-strtod.o)
 .rodata        0x00009ea4       0x44 C:/Users/Student6/Downloads/Programs/IngeDev_8.18.0.5/toolchains/gnuArm4/arm-elf/lib/thumb/soft/interwork/libc.a(lib_a-strtod.o)
 .rodata        0x00009ee8       0x22 C:/Users/Student6/Downloads/Programs/IngeDev_8.18.0.5/toolchains/gnuArm4/arm-elf/lib/thumb/soft/interwork/libc.a(lib_a-svfiscanf.o)
 .rodata.str1.1
                0x00009f0a        0x4 C:/Users/Student6/Downloads/Programs/IngeDev_8.18.0.5/toolchains/gnuArm4/arm-elf/lib/thumb/soft/interwork/libc.a(lib_a-syscalls.o)
 .rodata.str1.1
                0x00009f0e       0x19 C:/Users/Student6/Downloads/Programs/IngeDev_8.18.0.5/toolchains/gnuArm4/arm-elf/lib/thumb/soft/interwork/libc.a(lib_a-gdtoa-gethex.o)
 *fill*         0x00009f27        0x1 00
 .rodata        0x00009f28      0x124 C:/Users/Student6/Downloads/Programs/IngeDev_8.18.0.5/toolchains/gnuArm4/arm-elf/lib/thumb/soft/interwork/libc.a(lib_a-mprec.o)
                0x00009f28                __mprec_tens
                0x00009ff0                __mprec_bigtens
                0x0000a018                __mprec_tinytens
 *(.gnu.linkonce.r.*)
                0x0000a04c                __text_end = .
                0x00200000                . = 0x200000

.data           0x00200000      0x69c load address 0x0000a04c
                0x00200000                __data_start = .
 *(.data .data.*)
 .data          0x00200000        0x8 C:/Users/Student6/Downloads/Programs/Telium SDK/SDK11.16.4.02/SDK11.16.4.02/SDKTPLUS/HW_T2/gnu_434/startfiles/cstartupTplus.o
                0x00200000                __stack_chk_guard
                0x00200004                __dso_handle
 .data          0x00200008        0x0 C:/Users/Student6/Downloads/Programs/Telium SDK/SDK11.16.4.02/SDK11.16.4.02/SDKTPLUS/HW_T2/gnu_434/startfiles/libcpatch.o
 .data          0x00200008        0x0 Obj/GNU_ARM_DEBUG_T2/Main.o
 .data          0x00200008      0x108 Obj/GNU_ARM_DEBUG_T2/Entry.o
 .data          0x00200110        0x0 Obj/GNU_ARM_DEBUG_T2/Menu.o
 .data          0x00200110        0x0 Obj/GNU_ARM_DEBUG_T2/Utils.o
 .data          0x00200110        0x0 Obj/GNU_ARM_DEBUG_T2/SaleScreen.o
 .data          0x00200110        0x0 Obj/GNU_ARM_DEBUG_T2/billPayScreen.o
 .data          0x00200110        0x0 Obj/GNU_ARM_DEBUG_T2/cashBackScreen.o
 .data          0x00200110        0x0 Obj/GNU_ARM_DEBUG_T2/cardProcess.o
 .data          0x00200110        0x4 C:/Users/Student6/Downloads/Programs/Telium SDK/SDK11.16.4.02/SDK11.16.4.02/SDKTPLUS/HW_T2/gnu_434/lib/eft30tplus.lib(Beep.o)
 .data          0x00200114        0x0 C:/Users/Student6/Downloads/Programs/Telium SDK/SDK11.16.4.02/SDK11.16.4.02/SDKTPLUS/HW_T2/gnu_434/lib/eft30tplus.lib(extenstp1.o)
 .data          0x00200114        0x4 C:/Users/Student6/Downloads/Programs/Telium SDK/SDK11.16.4.02/SDK11.16.4.02/SDKTPLUS/HW_T2/gnu_434/lib/eft30tplus.lib(DisplayFooter.o)
 .data          0x00200118        0x4 C:/Users/Student6/Downloads/Programs/Telium SDK/SDK11.16.4.02/SDK11.16.4.02/SDKTPLUS/HW_T2/gnu_434/lib/eft30tplus.lib(DisplayHeader.o)
 .data          0x0020011c        0x4 C:/Users/Student6/Downloads/Programs/Telium SDK/SDK11.16.4.02/SDK11.16.4.02/SDKTPLUS/HW_T2/gnu_434/lib/eft30tplus.lib(DisplayLeds.o)
 .data          0x00200120        0x4 C:/Users/Student6/Downloads/Programs/Telium SDK/SDK11.16.4.02/SDK11.16.4.02/SDKTPLUS/HW_T2/gnu_434/lib/eft30tplus.lib(Telium_Read_date.o)
 .data          0x00200124        0x4 C:/Users/Student6/Downloads/Programs/Telium SDK/SDK11.16.4.02/SDK11.16.4.02/SDKTPLUS/HW_T2/gnu_434/lib/eft30tplus.lib(IsISO1.o)
 .data          0x00200128        0x4 C:/Users/Student6/Downloads/Programs/Telium SDK/SDK11.16.4.02/SDK11.16.4.02/SDKTPLUS/HW_T2/gnu_434/lib/eft30tplus.lib(IsISO2.o)
 .data          0x0020012c        0x4 C:/Users/Student6/Downloads/Programs/Telium SDK/SDK11.16.4.02/SDK11.16.4.02/SDKTPLUS/HW_T2/gnu_434/lib/eft30tplus.lib(IsISO3.o)
 .data          0x00200130        0x4 C:/Users/Student6/Downloads/Programs/Telium SDK/SDK11.16.4.02/SDK11.16.4.02/SDKTPLUS/HW_T2/gnu_434/lib/eft30tplus.lib(Telium_ServiceRegister.o)
 .data          0x00200134        0x0 C:/Users/Student6/Downloads/Programs/Telium SDK/SDK11.16.4.02/SDK11.16.4.02/SDKTPLUS/HW_T2/gnu_434/lib/eft30tplus.lib(Telium_Atoi.o)
 .data          0x00200134        0x0 C:/Users/Student6/Downloads/Programs/Telium SDK/SDK11.16.4.02/SDK11.16.4.02/SDKTPLUS/HW_T2/gnu_434/lib/eft30tplus.lib(Telium_Pprintf.o)
 .data          0x00200134        0x0 C:/Users/Student6/Downloads/Programs/Telium SDK/SDK11.16.4.02/SDK11.16.4.02/SDKTPLUS/HW_T2/gnu_434/lib/eft30tplus.lib(Telium_Stdprt.o)
 .data          0x00200134        0x0 C:/Users/Student6/Downloads/Programs/Telium SDK/SDK11.16.4.02/SDK11.16.4.02/SDKTPLUS/HW_T2/gnu_434/lib/eft30tplus.lib(sprintf.o)
 .data          0x00200134        0x0 C:/Users/Student6/Downloads/Programs/Telium SDK/SDK11.16.4.02/SDK11.16.4.02/SDKTPLUS/HW_T2/gnu_434/lib/eft30tplus.lib(toolstp1.o)
 .data          0x00200134        0x0 C:/Users/Student6/Downloads/Programs/Telium SDK/SDK11.16.4.02/SDK11.16.4.02/SDKTPLUS/HW_T2/gnu_434/lib/TRAP_TELIUM_PLUS.LIB(ApplicationGetCurrent.o)
 .data          0x00200134        0x0 C:/Users/Student6/Downloads/Programs/Telium SDK/SDK11.16.4.02/SDK11.16.4.02/SDKTPLUS/HW_T2/gnu_434/lib/TRAP_TELIUM_PLUS.LIB(FS_close.o)
 .data          0x00200134        0x0 C:/Users/Student6/Downloads/Programs/Telium SDK/SDK11.16.4.02/SDK11.16.4.02/SDKTPLUS/HW_T2/gnu_434/lib/TRAP_TELIUM_PLUS.LIB(FS_length.o)
 .data          0x00200134        0x0 C:/Users/Student6/Downloads/Programs/Telium SDK/SDK11.16.4.02/SDK11.16.4.02/SDKTPLUS/HW_T2/gnu_434/lib/TRAP_TELIUM_PLUS.LIB(FS_mount.o)
 .data          0x00200134        0x0 C:/Users/Student6/Downloads/Programs/Telium SDK/SDK11.16.4.02/SDK11.16.4.02/SDKTPLUS/HW_T2/gnu_434/lib/TRAP_TELIUM_PLUS.LIB(FS_open.o)
 .data          0x00200134        0x0 C:/Users/Student6/Downloads/Programs/Telium SDK/SDK11.16.4.02/SDK11.16.4.02/SDKTPLUS/HW_T2/gnu_434/lib/TRAP_TELIUM_PLUS.LIB(FS_read.o)
 .data          0x00200134        0x0 C:/Users/Student6/Downloads/Programs/Telium SDK/SDK11.16.4.02/SDK11.16.4.02/SDKTPLUS/HW_T2/gnu_434/lib/TRAP_TELIUM_PLUS.LIB(FS_unmount.o)
 .data          0x00200134        0x0 C:/Users/Student6/Downloads/Programs/Telium SDK/SDK11.16.4.02/SDK11.16.4.02/SDKTPLUS/HW_T2/gnu_434/lib/TRAP_TELIUM_PLUS.LIB(ObjectGetInfo.o)
 .data          0x00200134        0x0 C:/Users/Student6/Downloads/Programs/Telium SDK/SDK11.16.4.02/SDK11.16.4.02/SDKTPLUS/HW_T2/gnu_434/lib/TRAP_TELIUM_PLUS.LIB(Telium_Exit.o)
 .data          0x00200134        0x0 C:/Users/Student6/Downloads/Programs/Telium SDK/SDK11.16.4.02/SDK11.16.4.02/SDKTPLUS/HW_T2/gnu_434/lib/TRAP_TELIUM_PLUS.LIB(Telium_Fclose.o)
 .data          0x00200134        0x0 C:/Users/Student6/Downloads/Programs/Telium SDK/SDK11.16.4.02/SDK11.16.4.02/SDKTPLUS/HW_T2/gnu_434/lib/TRAP_TELIUM_PLUS.LIB(Telium_Fopen.o)
 .data          0x00200134        0x0 C:/Users/Student6/Downloads/Programs/Telium SDK/SDK11.16.4.02/SDK11.16.4.02/SDKTPLUS/HW_T2/gnu_434/lib/TRAP_TELIUM_PLUS.LIB(Telium_Is_iso1.o)
 .data          0x00200134        0x0 C:/Users/Student6/Downloads/Programs/Telium SDK/SDK11.16.4.02/SDK11.16.4.02/SDKTPLUS/HW_T2/gnu_434/lib/TRAP_TELIUM_PLUS.LIB(Telium_Is_iso2.o)
 .data          0x00200134        0x0 C:/Users/Student6/Downloads/Programs/Telium SDK/SDK11.16.4.02/SDK11.16.4.02/SDKTPLUS/HW_T2/gnu_434/lib/TRAP_TELIUM_PLUS.LIB(Telium_Is_iso3.o)
 .data          0x00200134        0x0 C:/Users/Student6/Downloads/Programs/Telium SDK/SDK11.16.4.02/SDK11.16.4.02/SDKTPLUS/HW_T2/gnu_434/lib/TRAP_TELIUM_PLUS.LIB(Telium_Status.o)
 .data          0x00200134        0x0 C:/Users/Student6/Downloads/Programs/Telium SDK/SDK11.16.4.02/SDK11.16.4.02/SDKTPLUS/HW_T2/gnu_434/lib/TRAP_TELIUM_PLUS.LIB(Telium_Stdperif.o)
 .data          0x00200134        0x0 C:/Users/Student6/Downloads/Programs/Telium SDK/SDK11.16.4.02/SDK11.16.4.02/SDKTPLUS/HW_T2/gnu_434/lib/TRAP_TELIUM_PLUS.LIB(Telium_Ttestall.o)
 .data          0x00200134        0x0 C:/Users/Student6/Downloads/Programs/Telium SDK/SDK11.16.4.02/SDK11.16.4.02/SDKTPLUS/HW_T2/gnu_434/lib/TRAP_TELIUM_PLUS.LIB(Telium_Vfprintf.o)
 .data          0x00200134        0x0 C:/Users/Student6/Downloads/Programs/Telium SDK/SDK11.16.4.02/SDK11.16.4.02/SDKTPLUS/HW_T2/gnu_434/lib/TRAP_TELIUM_PLUS.LIB(Telium_Vsprintf.o)
 .data          0x00200134        0x0 C:/Users/Student6/Downloads/Programs/Telium SDK/SDK11.16.4.02/SDK11.16.4.02/SDKTPLUS/HW_T2/gnu_434/lib/TRAP_TELIUM_PLUS.LIB(first_init.o)
 .data          0x00200134        0x0 C:/Users/Student6/Downloads/Programs/Telium SDK/SDK11.16.4.02/SDK11.16.4.02/SDKTPLUS/HW_T2/gnu_434/lib/TRAP_TELIUM_PLUS.LIB(raz_init.o)
 .data          0x00200134        0x0 C:/Users/Student6/Downloads/Programs/Telium SDK/SDK11.16.4.02/SDK11.16.4.02/SDKTPLUS/HW_T2/gnu_434/lib/TRAP_TELIUM_PLUS.LIB(ufree.o)
 .data          0x00200134        0x0 C:/Users/Student6/Downloads/Programs/Telium SDK/SDK11.16.4.02/SDK11.16.4.02/SDKTPLUS/HW_T2/gnu_434/lib/TRAP_TELIUM_PLUS.LIB(umalloc.o)
 .data          0x00200134        0x0 C:/Users/Student6/Downloads/Programs/Telium SDK/SDK11.16.4.02/SDK11.16.4.02/SDKTPLUS/HW_T2/gnu_434/lib/TRAP_TELIUM_PLUS.LIB(urealloc.o)
 .data          0x00200134        0x0 C:/Users/Student6/Downloads/Programs/Telium SDK/SDK11.16.4.02/SDK11.16.4.02/SDKTPLUS/HW_T2/gnu_434/lib/OSLAYER.LIB(OSL_Dll_Close.o)
 .data          0x00200134        0x0 C:/Users/Student6/Downloads/Programs/Telium SDK/SDK11.16.4.02/SDK11.16.4.02/SDKTPLUS/HW_T2/gnu_434/lib/OSLAYER.LIB(OSL_Dll_GetSymbolByName.o)
 .data          0x00200134        0x0 C:/Users/Student6/Downloads/Programs/Telium SDK/SDK11.16.4.02/SDK11.16.4.02/SDKTPLUS/HW_T2/gnu_434/lib/OSLAYER.LIB(OSL_Dll_OpenByAppliType.o)
 *fill*         0x00200134        0xc 00
 .data          0x00200140       0x10 C:/Users/Student6/Downloads/Programs/Telium SDK/SDK11.16.4.02/SDK11.16.4.02/SDKTPLUS/HW_T2/gnu_434/lib/GRAPHICLIB.LIB(GL_Dialog_Amount.o)
 .data          0x00200150       0x10 C:/Users/Student6/Downloads/Programs/Telium SDK/SDK11.16.4.02/SDK11.16.4.02/SDKTPLUS/HW_T2/gnu_434/lib/GRAPHICLIB.LIB(GL_Dialog_Menu.o)
 .data          0x00200160       0x10 C:/Users/Student6/Downloads/Programs/Telium SDK/SDK11.16.4.02/SDK11.16.4.02/SDKTPLUS/HW_T2/gnu_434/lib/GRAPHICLIB.LIB(GL_Dialog_Message.o)
 .data          0x00200170       0x10 C:/Users/Student6/Downloads/Programs/Telium SDK/SDK11.16.4.02/SDK11.16.4.02/SDKTPLUS/HW_T2/gnu_434/lib/GRAPHICLIB.LIB(GL_Dialog_Password.o)
 .data          0x00200180        0x4 C:/Users/Student6/Downloads/Programs/Telium SDK/SDK11.16.4.02/SDK11.16.4.02/SDKTPLUS/HW_T2/gnu_434/lib/GRAPHICLIB.LIB(GL_GraphicLib_Create.o)
 *fill*         0x00200184        0xc 00
 .data          0x00200190       0x10 C:/Users/Student6/Downloads/Programs/Telium SDK/SDK11.16.4.02/SDK11.16.4.02/SDKTPLUS/HW_T2/gnu_434/lib/GRAPHICLIB.LIB(GL_Label_Create.o)
 .data          0x002001a0       0x10 C:/Users/Student6/Downloads/Programs/Telium SDK/SDK11.16.4.02/SDK11.16.4.02/SDKTPLUS/HW_T2/gnu_434/lib/GRAPHICLIB.LIB(GL_Widget_Destroy.o)
 .data          0x002001b0       0x10 C:/Users/Student6/Downloads/Programs/Telium SDK/SDK11.16.4.02/SDK11.16.4.02/SDKTPLUS/HW_T2/gnu_434/lib/GRAPHICLIB.LIB(GL_Widget_SetBackAlign.o)
 .data          0x002001c0       0x10 C:/Users/Student6/Downloads/Programs/Telium SDK/SDK11.16.4.02/SDK11.16.4.02/SDKTPLUS/HW_T2/gnu_434/lib/GRAPHICLIB.LIB(GL_Widget_SetFontScale.o)
 .data          0x002001d0       0x10 C:/Users/Student6/Downloads/Programs/Telium SDK/SDK11.16.4.02/SDK11.16.4.02/SDKTPLUS/HW_T2/gnu_434/lib/GRAPHICLIB.LIB(GL_Widget_SetText.o)
 .data          0x002001e0       0x10 C:/Users/Student6/Downloads/Programs/Telium SDK/SDK11.16.4.02/SDK11.16.4.02/SDKTPLUS/HW_T2/gnu_434/lib/GRAPHICLIB.LIB(GL_Window_Create.o)
 .data          0x002001f0       0x10 C:/Users/Student6/Downloads/Programs/Telium SDK/SDK11.16.4.02/SDK11.16.4.02/SDKTPLUS/HW_T2/gnu_434/lib/GRAPHICLIB.LIB(GL_Window_Dispatch.o)
 .data          0x00200200        0x0 C:/Users/Student6/Downloads/Programs/Telium SDK/SDK11.16.4.02/SDK11.16.4.02/SDKTPLUS/HW_T2/gnu_434/lib/GRAPHICLIB.LIB(GL_link.o)
 .data          0x00200200        0x0 C:/Users/Student6/Downloads/Programs/Telium SDK/SDK11.16.4.02/SDK11.16.4.02/SDKTPLUS/HW_T2/gnu_434/lib/GRAPHICLIB.LIB(gl_asm_link.o)
 .data          0x00200200        0x0 C:/Users/Student6/Downloads/Programs/IngeDev_8.18.0.5/toolchains/gnuArm4/arm-elf/lib/thumb/soft/interwork/libc.a(lib_a-memcpy.o)
 .data          0x00200200        0x0 C:/Users/Student6/Downloads/Programs/IngeDev_8.18.0.5/toolchains/gnuArm4/arm-elf/lib/thumb/soft/interwork/libc.a(lib_a-memset.o)
 .data          0x00200200        0x0 C:/Users/Student6/Downloads/Programs/IngeDev_8.18.0.5/toolchains/gnuArm4/arm-elf/lib/thumb/soft/interwork/libc.a(lib_a-sscanf.o)
 .data          0x00200200        0x0 C:/Users/Student6/Downloads/Programs/IngeDev_8.18.0.5/toolchains/gnuArm4/arm-elf/lib/thumb/soft/interwork/libc.a(lib_a-stdio.o)
 .data          0x00200200        0x0 C:/Users/Student6/Downloads/Programs/IngeDev_8.18.0.5/toolchains/gnuArm4/arm-elf/lib/thumb/soft/interwork/libc.a(lib_a-strchr.o)
 .data          0x00200200        0x0 C:/Users/Student6/Downloads/Programs/IngeDev_8.18.0.5/toolchains/gnuArm4/arm-elf/lib/thumb/soft/interwork/libc.a(lib_a-strcpy.o)
 .data          0x00200200        0x0 C:/Users/Student6/Downloads/Programs/IngeDev_8.18.0.5/toolchains/gnuArm4/arm-elf/lib/thumb/soft/interwork/libc.a(lib_a-strlen.o)
 .data          0x00200200        0x0 C:/Users/Student6/Downloads/Programs/IngeDev_8.18.0.5/toolchains/gnuArm4/arm-elf/lib/thumb/soft/interwork/libc.a(lib_a-strncpy.o)
 .data          0x00200200        0x0 C:/Users/Student6/Downloads/Programs/IngeDev_8.18.0.5/toolchains/gnuArm4/arm-elf/lib/thumb/soft/interwork/libc.a(lib_a-svfscanf.o)
 .data          0x00200200        0x0 C:/Users/Student6/Downloads/Programs/IngeDev_8.18.0.5/toolchains/gnuArm4/arm-elf/lib/thumb/soft/interwork/libc.a(lib_a-writer.o)
 .data          0x00200200        0x0 C:/Users/Student6/Downloads/Programs/IngeDev_8.18.0.5/toolchains/gnuArm4/arm-elf/lib/thumb/soft/interwork/libc.a(lib_a-closer.o)
 .data          0x00200200        0x4 C:/Users/Student6/Downloads/Programs/IngeDev_8.18.0.5/toolchains/gnuArm4/arm-elf/lib/thumb/soft/interwork/libc.a(lib_a-ctype_.o)
                0x00200200                __ctype_ptr__
 .data          0x00200204        0x0 C:/Users/Student6/Downloads/Programs/IngeDev_8.18.0.5/toolchains/gnuArm4/arm-elf/lib/thumb/soft/interwork/libc.a(lib_a-findfp.o)
 .data          0x00200204        0x0 C:/Users/Student6/Downloads/Programs/IngeDev_8.18.0.5/toolchains/gnuArm4/arm-elf/lib/thumb/soft/interwork/libc.a(lib_a-fwalk.o)
 .data          0x00200204      0x428 C:/Users/Student6/Downloads/Programs/IngeDev_8.18.0.5/toolchains/gnuArm4/arm-elf/lib/thumb/soft/interwork/libc.a(lib_a-impure.o)
                0x00200204                _impure_ptr
 .data          0x0020062c        0x0 C:/Users/Student6/Downloads/Programs/IngeDev_8.18.0.5/toolchains/gnuArm4/arm-elf/lib/thumb/soft/interwork/libc.a(lib_a-iswspace.o)
 .data          0x0020062c       0x44 C:/Users/Student6/Downloads/Programs/IngeDev_8.18.0.5/toolchains/gnuArm4/arm-elf/lib/thumb/soft/interwork/libc.a(lib_a-locale.o)
                0x0020062c                __mb_cur_max
 .data          0x00200670        0x0 C:/Users/Student6/Downloads/Programs/IngeDev_8.18.0.5/toolchains/gnuArm4/arm-elf/lib/thumb/soft/interwork/libc.a(lib_a-lseekr.o)
 .data          0x00200670        0x0 C:/Users/Student6/Downloads/Programs/IngeDev_8.18.0.5/toolchains/gnuArm4/arm-elf/lib/thumb/soft/interwork/libc.a(lib_a-mbrtowc.o)
 .data          0x00200670        0x4 C:/Users/Student6/Downloads/Programs/IngeDev_8.18.0.5/toolchains/gnuArm4/arm-elf/lib/thumb/soft/interwork/libc.a(lib_a-mbtowc_r.o)
                0x00200670                __mbtowc
 .data          0x00200674        0x0 C:/Users/Student6/Downloads/Programs/IngeDev_8.18.0.5/toolchains/gnuArm4/arm-elf/lib/thumb/soft/interwork/libc.a(lib_a-readr.o)
 .data          0x00200674        0x0 C:/Users/Student6/Downloads/Programs/IngeDev_8.18.0.5/toolchains/gnuArm4/arm-elf/lib/thumb/soft/interwork/libc.a(lib_a-reent.o)
 .data          0x00200674        0x0 C:/Users/Student6/Downloads/Programs/IngeDev_8.18.0.5/toolchains/gnuArm4/arm-elf/lib/thumb/soft/interwork/libc.a(lib_a-s_fpclassify.o)
 .data          0x00200674        0x0 C:/Users/Student6/Downloads/Programs/IngeDev_8.18.0.5/toolchains/gnuArm4/arm-elf/lib/thumb/soft/interwork/libc.a(lib_a-sccl.o)
 .data          0x00200674        0x0 C:/Users/Student6/Downloads/Programs/IngeDev_8.18.0.5/toolchains/gnuArm4/arm-elf/lib/thumb/soft/interwork/libc.a(lib_a-sf_nan.o)
 .data          0x00200674        0x0 C:/Users/Student6/Downloads/Programs/IngeDev_8.18.0.5/toolchains/gnuArm4/arm-elf/lib/thumb/soft/interwork/libc.a(lib_a-strcmp.o)
 .data          0x00200674       0x28 C:/Users/Student6/Downloads/Programs/IngeDev_8.18.0.5/toolchains/gnuArm4/arm-elf/lib/thumb/soft/interwork/libc.a(lib_a-strtod.o)
 .data          0x0020069c        0x0 C:/Users/Student6/Downloads/Programs/IngeDev_8.18.0.5/toolchains/gnuArm4/arm-elf/lib/thumb/soft/interwork/libc.a(lib_a-strtol.o)
 .data          0x0020069c        0x0 C:/Users/Student6/Downloads/Programs/IngeDev_8.18.0.5/toolchains/gnuArm4/arm-elf/lib/thumb/soft/interwork/libc.a(lib_a-strtoul.o)
 .data          0x0020069c        0x0 C:/Users/Student6/Downloads/Programs/IngeDev_8.18.0.5/toolchains/gnuArm4/arm-elf/lib/thumb/soft/interwork/libc.a(lib_a-svfiscanf.o)
 .data          0x0020069c        0x0 C:/Users/Student6/Downloads/Programs/IngeDev_8.18.0.5/toolchains/gnuArm4/arm-elf/lib/thumb/soft/interwork/libc.a(lib_a-syscalls.o)
 .data          0x0020069c        0x0 C:/Users/Student6/Downloads/Programs/IngeDev_8.18.0.5/toolchains/gnuArm4/arm-elf/lib/thumb/soft/interwork/libc.a(lib_a-ungetc.o)
 .data          0x0020069c        0x0 C:/Users/Student6/Downloads/Programs/IngeDev_8.18.0.5/toolchains/gnuArm4/arm-elf/lib/thumb/soft/interwork/libc.a(lib_a-errno.o)
 .data          0x0020069c        0x0 C:/Users/Student6/Downloads/Programs/IngeDev_8.18.0.5/toolchains/gnuArm4/arm-elf/lib/thumb/soft/interwork/libc.a(lib_a-fclose.o)
 .data          0x0020069c        0x0 C:/Users/Student6/Downloads/Programs/IngeDev_8.18.0.5/toolchains/gnuArm4/arm-elf/lib/thumb/soft/interwork/libc.a(lib_a-fflush.o)
 .data          0x0020069c        0x0 C:/Users/Student6/Downloads/Programs/IngeDev_8.18.0.5/toolchains/gnuArm4/arm-elf/lib/thumb/soft/interwork/libc.a(lib_a-gdtoa-gethex.o)
 .data          0x0020069c        0x0 C:/Users/Student6/Downloads/Programs/IngeDev_8.18.0.5/toolchains/gnuArm4/arm-elf/lib/thumb/soft/interwork/libc.a(lib_a-gdtoa-hexnan.o)
 .data          0x0020069c        0x0 C:/Users/Student6/Downloads/Programs/IngeDev_8.18.0.5/toolchains/gnuArm4/arm-elf/lib/thumb/soft/interwork/libc.a(lib_a-mprec.o)
 .data          0x0020069c        0x0 C:/Users/Student6/Downloads/Programs/IngeDev_8.18.0.5/toolchains/gnuArm4/arm-elf/lib/thumb/soft/interwork/libc.a(lib_a-strncmp.o)
 .data          0x0020069c        0x0 C:/Users/Student6/Downloads/Programs/IngeDev_8.18.0.5/toolchains/gnuArm4/lib/gcc/arm-elf/4.3.4/thumb/soft/interwork/libgcc.a(_udivsi3.o)
 .data          0x0020069c        0x0 C:/Users/Student6/Downloads/Programs/IngeDev_8.18.0.5/toolchains/gnuArm4/lib/gcc/arm-elf/4.3.4/thumb/soft/interwork/libgcc.a(_divsi3.o)
 .data          0x0020069c        0x0 C:/Users/Student6/Downloads/Programs/IngeDev_8.18.0.5/toolchains/gnuArm4/lib/gcc/arm-elf/4.3.4/thumb/soft/interwork/libgcc.a(_umodsi3.o)
 .data          0x0020069c        0x0 C:/Users/Student6/Downloads/Programs/IngeDev_8.18.0.5/toolchains/gnuArm4/lib/gcc/arm-elf/4.3.4/thumb/soft/interwork/libgcc.a(_dvmd_tls.o)
 .data          0x0020069c        0x0 C:/Users/Student6/Downloads/Programs/IngeDev_8.18.0.5/toolchains/gnuArm4/lib/gcc/arm-elf/4.3.4/thumb/soft/interwork/libgcc.a(_addsubdf3.o)
 .data          0x0020069c        0x0 C:/Users/Student6/Downloads/Programs/IngeDev_8.18.0.5/toolchains/gnuArm4/lib/gcc/arm-elf/4.3.4/thumb/soft/interwork/libgcc.a(_muldivdf3.o)
 .data          0x0020069c        0x0 C:/Users/Student6/Downloads/Programs/IngeDev_8.18.0.5/toolchains/gnuArm4/lib/gcc/arm-elf/4.3.4/thumb/soft/interwork/libgcc.a(_cmpdf2.o)
 .data          0x0020069c        0x0 C:/Users/Student6/Downloads/Programs/IngeDev_8.18.0.5/toolchains/gnuArm4/lib/gcc/arm-elf/4.3.4/thumb/soft/interwork/libgcc.a(_fixdfsi.o)
 .data          0x0020069c        0x0 C:/Users/Student6/Downloads/Programs/IngeDev_8.18.0.5/toolchains/gnuArm4/lib/gcc/arm-elf/4.3.4/thumb/soft/interwork/libgcc.a(_fixunsdfsi.o)
 .data          0x0020069c        0x0 C:/Users/Student6/Downloads/Programs/IngeDev_8.18.0.5/toolchains/gnuArm4/lib/gcc/arm-elf/4.3.4/thumb/soft/interwork/libgcc.a(_truncdfsf2.o)
 .data          0x0020069c        0x0 C:/Users/Student6/Downloads/Programs/IngeDev_8.18.0.5/toolchains/gnuArm4/lib/gcc/arm-elf/4.3.4/thumb/soft/interwork/libgcc.a(_cmpsf2.o)
 .data          0x0020069c        0x0 C:/Users/Student6/Downloads/Programs/Telium SDK/SDK11.16.4.02/SDK11.16.4.02/SDKTPLUS/HW_T2/gnu_434/lib/TRAP_TELIUM_PLUS.LIB(upload_diagnostic_txt.o)
 *(.gnu.linkonce.d.*)
                0x0020069c                __data_end = .

.bss            0x0020069c      0x438 load address 0x0000a6e8
                0x0020069c                __bss_start = .
 *(.bss .bss.*)
 .bss           0x0020069c        0x0 C:/Users/Student6/Downloads/Programs/Telium SDK/SDK11.16.4.02/SDK11.16.4.02/SDKTPLUS/HW_T2/gnu_434/startfiles/cstartupTplus.o
 .bss           0x0020069c        0x0 C:/Users/Student6/Downloads/Programs/Telium SDK/SDK11.16.4.02/SDK11.16.4.02/SDKTPLUS/HW_T2/gnu_434/startfiles/libcpatch.o
 .bss           0x0020069c        0x0 Obj/GNU_ARM_DEBUG_T2/Main.o
 .bss           0x0020069c       0x30 Obj/GNU_ARM_DEBUG_T2/Entry.o
                0x0020069c                gGoalGraphicLibInstance
 .bss           0x002006cc        0x8 Obj/GNU_ARM_DEBUG_T2/Menu.o
 .bss           0x002006d4        0x0 Obj/GNU_ARM_DEBUG_T2/Utils.o
 .bss           0x002006d4        0x0 Obj/GNU_ARM_DEBUG_T2/SaleScreen.o
 .bss           0x002006d4        0x0 Obj/GNU_ARM_DEBUG_T2/billPayScreen.o
 .bss           0x002006d4        0x0 Obj/GNU_ARM_DEBUG_T2/cashBackScreen.o
 .bss           0x002006d4        0x0 Obj/GNU_ARM_DEBUG_T2/cardProcess.o
 .bss           0x002006d4        0x0 C:/Users/Student6/Downloads/Programs/Telium SDK/SDK11.16.4.02/SDK11.16.4.02/SDKTPLUS/HW_T2/gnu_434/lib/eft30tplus.lib(Beep.o)
 .bss           0x002006d4        0x8 C:/Users/Student6/Downloads/Programs/Telium SDK/SDK11.16.4.02/SDK11.16.4.02/SDKTPLUS/HW_T2/gnu_434/lib/eft30tplus.lib(extenstp1.o)
                0x002006d4                DllGetProcAddress3
                0x002006d8                extens_Dll
 .bss           0x002006dc        0x0 C:/Users/Student6/Downloads/Programs/Telium SDK/SDK11.16.4.02/SDK11.16.4.02/SDKTPLUS/HW_T2/gnu_434/lib/eft30tplus.lib(DisplayFooter.o)
 .bss           0x002006dc        0x0 C:/Users/Student6/Downloads/Programs/Telium SDK/SDK11.16.4.02/SDK11.16.4.02/SDKTPLUS/HW_T2/gnu_434/lib/eft30tplus.lib(DisplayHeader.o)
 .bss           0x002006dc        0x0 C:/Users/Student6/Downloads/Programs/Telium SDK/SDK11.16.4.02/SDK11.16.4.02/SDKTPLUS/HW_T2/gnu_434/lib/eft30tplus.lib(DisplayLeds.o)
 .bss           0x002006dc        0x0 C:/Users/Student6/Downloads/Programs/Telium SDK/SDK11.16.4.02/SDK11.16.4.02/SDKTPLUS/HW_T2/gnu_434/lib/eft30tplus.lib(Telium_Read_date.o)
 .bss           0x002006dc        0x0 C:/Users/Student6/Downloads/Programs/Telium SDK/SDK11.16.4.02/SDK11.16.4.02/SDKTPLUS/HW_T2/gnu_434/lib/eft30tplus.lib(IsISO1.o)
 .bss           0x002006dc        0x0 C:/Users/Student6/Downloads/Programs/Telium SDK/SDK11.16.4.02/SDK11.16.4.02/SDKTPLUS/HW_T2/gnu_434/lib/eft30tplus.lib(IsISO2.o)
 .bss           0x002006dc        0x0 C:/Users/Student6/Downloads/Programs/Telium SDK/SDK11.16.4.02/SDK11.16.4.02/SDKTPLUS/HW_T2/gnu_434/lib/eft30tplus.lib(IsISO3.o)
 .bss           0x002006dc        0x0 C:/Users/Student6/Downloads/Programs/Telium SDK/SDK11.16.4.02/SDK11.16.4.02/SDKTPLUS/HW_T2/gnu_434/lib/eft30tplus.lib(Telium_ServiceRegister.o)
 .bss           0x002006dc        0x0 C:/Users/Student6/Downloads/Programs/Telium SDK/SDK11.16.4.02/SDK11.16.4.02/SDKTPLUS/HW_T2/gnu_434/lib/eft30tplus.lib(Telium_Atoi.o)
 .bss           0x002006dc        0x0 C:/Users/Student6/Downloads/Programs/Telium SDK/SDK11.16.4.02/SDK11.16.4.02/SDKTPLUS/HW_T2/gnu_434/lib/eft30tplus.lib(Telium_Pprintf.o)
 .bss           0x002006dc        0x0 C:/Users/Student6/Downloads/Programs/Telium SDK/SDK11.16.4.02/SDK11.16.4.02/SDKTPLUS/HW_T2/gnu_434/lib/eft30tplus.lib(Telium_Stdprt.o)
 .bss           0x002006dc        0x0 C:/Users/Student6/Downloads/Programs/Telium SDK/SDK11.16.4.02/SDK11.16.4.02/SDKTPLUS/HW_T2/gnu_434/lib/eft30tplus.lib(sprintf.o)
 .bss           0x002006dc        0x8 C:/Users/Student6/Downloads/Programs/Telium SDK/SDK11.16.4.02/SDK11.16.4.02/SDKTPLUS/HW_T2/gnu_434/lib/eft30tplus.lib(toolstp1.o)
                0x002006dc                toolsDll
                0x002006e0                DllGetProcAddressTools
 .bss           0x002006e4        0x0 C:/Users/Student6/Downloads/Programs/Telium SDK/SDK11.16.4.02/SDK11.16.4.02/SDKTPLUS/HW_T2/gnu_434/lib/TRAP_TELIUM_PLUS.LIB(ApplicationGetCurrent.o)
 .bss           0x002006e4        0x0 C:/Users/Student6/Downloads/Programs/Telium SDK/SDK11.16.4.02/SDK11.16.4.02/SDKTPLUS/HW_T2/gnu_434/lib/TRAP_TELIUM_PLUS.LIB(FS_close.o)
 .bss           0x002006e4        0x0 C:/Users/Student6/Downloads/Programs/Telium SDK/SDK11.16.4.02/SDK11.16.4.02/SDKTPLUS/HW_T2/gnu_434/lib/TRAP_TELIUM_PLUS.LIB(FS_length.o)
 .bss           0x002006e4        0x0 C:/Users/Student6/Downloads/Programs/Telium SDK/SDK11.16.4.02/SDK11.16.4.02/SDKTPLUS/HW_T2/gnu_434/lib/TRAP_TELIUM_PLUS.LIB(FS_mount.o)
 .bss           0x002006e4        0x0 C:/Users/Student6/Downloads/Programs/Telium SDK/SDK11.16.4.02/SDK11.16.4.02/SDKTPLUS/HW_T2/gnu_434/lib/TRAP_TELIUM_PLUS.LIB(FS_open.o)
 .bss           0x002006e4        0x0 C:/Users/Student6/Downloads/Programs/Telium SDK/SDK11.16.4.02/SDK11.16.4.02/SDKTPLUS/HW_T2/gnu_434/lib/TRAP_TELIUM_PLUS.LIB(FS_read.o)
 .bss           0x002006e4        0x0 C:/Users/Student6/Downloads/Programs/Telium SDK/SDK11.16.4.02/SDK11.16.4.02/SDKTPLUS/HW_T2/gnu_434/lib/TRAP_TELIUM_PLUS.LIB(FS_unmount.o)
 .bss           0x002006e4        0x0 C:/Users/Student6/Downloads/Programs/Telium SDK/SDK11.16.4.02/SDK11.16.4.02/SDKTPLUS/HW_T2/gnu_434/lib/TRAP_TELIUM_PLUS.LIB(ObjectGetInfo.o)
 .bss           0x002006e4        0x0 C:/Users/Student6/Downloads/Programs/Telium SDK/SDK11.16.4.02/SDK11.16.4.02/SDKTPLUS/HW_T2/gnu_434/lib/TRAP_TELIUM_PLUS.LIB(Telium_Exit.o)
 .bss           0x002006e4        0x0 C:/Users/Student6/Downloads/Programs/Telium SDK/SDK11.16.4.02/SDK11.16.4.02/SDKTPLUS/HW_T2/gnu_434/lib/TRAP_TELIUM_PLUS.LIB(Telium_Fclose.o)
 .bss           0x002006e4        0x0 C:/Users/Student6/Downloads/Programs/Telium SDK/SDK11.16.4.02/SDK11.16.4.02/SDKTPLUS/HW_T2/gnu_434/lib/TRAP_TELIUM_PLUS.LIB(Telium_Fopen.o)
 .bss           0x002006e4        0x0 C:/Users/Student6/Downloads/Programs/Telium SDK/SDK11.16.4.02/SDK11.16.4.02/SDKTPLUS/HW_T2/gnu_434/lib/TRAP_TELIUM_PLUS.LIB(Telium_Is_iso1.o)
 .bss           0x002006e4        0x0 C:/Users/Student6/Downloads/Programs/Telium SDK/SDK11.16.4.02/SDK11.16.4.02/SDKTPLUS/HW_T2/gnu_434/lib/TRAP_TELIUM_PLUS.LIB(Telium_Is_iso2.o)
 .bss           0x002006e4        0x0 C:/Users/Student6/Downloads/Programs/Telium SDK/SDK11.16.4.02/SDK11.16.4.02/SDKTPLUS/HW_T2/gnu_434/lib/TRAP_TELIUM_PLUS.LIB(Telium_Is_iso3.o)
 .bss           0x002006e4        0x0 C:/Users/Student6/Downloads/Programs/Telium SDK/SDK11.16.4.02/SDK11.16.4.02/SDKTPLUS/HW_T2/gnu_434/lib/TRAP_TELIUM_PLUS.LIB(Telium_Status.o)
 .bss           0x002006e4        0x0 C:/Users/Student6/Downloads/Programs/Telium SDK/SDK11.16.4.02/SDK11.16.4.02/SDKTPLUS/HW_T2/gnu_434/lib/TRAP_TELIUM_PLUS.LIB(Telium_Stdperif.o)
 .bss           0x002006e4        0x0 C:/Users/Student6/Downloads/Programs/Telium SDK/SDK11.16.4.02/SDK11.16.4.02/SDKTPLUS/HW_T2/gnu_434/lib/TRAP_TELIUM_PLUS.LIB(Telium_Ttestall.o)
 .bss           0x002006e4        0x0 C:/Users/Student6/Downloads/Programs/Telium SDK/SDK11.16.4.02/SDK11.16.4.02/SDKTPLUS/HW_T2/gnu_434/lib/TRAP_TELIUM_PLUS.LIB(Telium_Vfprintf.o)
 .bss           0x002006e4        0x0 C:/Users/Student6/Downloads/Programs/Telium SDK/SDK11.16.4.02/SDK11.16.4.02/SDKTPLUS/HW_T2/gnu_434/lib/TRAP_TELIUM_PLUS.LIB(Telium_Vsprintf.o)
 .bss           0x002006e4        0x0 C:/Users/Student6/Downloads/Programs/Telium SDK/SDK11.16.4.02/SDK11.16.4.02/SDKTPLUS/HW_T2/gnu_434/lib/TRAP_TELIUM_PLUS.LIB(first_init.o)
 .bss           0x002006e4        0x0 C:/Users/Student6/Downloads/Programs/Telium SDK/SDK11.16.4.02/SDK11.16.4.02/SDKTPLUS/HW_T2/gnu_434/lib/TRAP_TELIUM_PLUS.LIB(raz_init.o)
 .bss           0x002006e4        0x0 C:/Users/Student6/Downloads/Programs/Telium SDK/SDK11.16.4.02/SDK11.16.4.02/SDKTPLUS/HW_T2/gnu_434/lib/TRAP_TELIUM_PLUS.LIB(ufree.o)
 .bss           0x002006e4        0x0 C:/Users/Student6/Downloads/Programs/Telium SDK/SDK11.16.4.02/SDK11.16.4.02/SDKTPLUS/HW_T2/gnu_434/lib/TRAP_TELIUM_PLUS.LIB(umalloc.o)
 .bss           0x002006e4        0x0 C:/Users/Student6/Downloads/Programs/Telium SDK/SDK11.16.4.02/SDK11.16.4.02/SDKTPLUS/HW_T2/gnu_434/lib/TRAP_TELIUM_PLUS.LIB(urealloc.o)
 .bss           0x002006e4        0x0 C:/Users/Student6/Downloads/Programs/Telium SDK/SDK11.16.4.02/SDK11.16.4.02/SDKTPLUS/HW_T2/gnu_434/lib/OSLAYER.LIB(OSL_Dll_Close.o)
 .bss           0x002006e4        0x0 C:/Users/Student6/Downloads/Programs/Telium SDK/SDK11.16.4.02/SDK11.16.4.02/SDKTPLUS/HW_T2/gnu_434/lib/OSLAYER.LIB(OSL_Dll_GetSymbolByName.o)
 .bss           0x002006e4        0x0 C:/Users/Student6/Downloads/Programs/Telium SDK/SDK11.16.4.02/SDK11.16.4.02/SDKTPLUS/HW_T2/gnu_434/lib/OSLAYER.LIB(OSL_Dll_OpenByAppliType.o)
 .bss           0x002006e4        0x0 C:/Users/Student6/Downloads/Programs/Telium SDK/SDK11.16.4.02/SDK11.16.4.02/SDKTPLUS/HW_T2/gnu_434/lib/GRAPHICLIB.LIB(GL_Dialog_Amount.o)
 .bss           0x002006e4        0x0 C:/Users/Student6/Downloads/Programs/Telium SDK/SDK11.16.4.02/SDK11.16.4.02/SDKTPLUS/HW_T2/gnu_434/lib/GRAPHICLIB.LIB(GL_Dialog_Menu.o)
 .bss           0x002006e4        0x0 C:/Users/Student6/Downloads/Programs/Telium SDK/SDK11.16.4.02/SDK11.16.4.02/SDKTPLUS/HW_T2/gnu_434/lib/GRAPHICLIB.LIB(GL_Dialog_Message.o)
 .bss           0x002006e4        0x0 C:/Users/Student6/Downloads/Programs/Telium SDK/SDK11.16.4.02/SDK11.16.4.02/SDKTPLUS/HW_T2/gnu_434/lib/GRAPHICLIB.LIB(GL_Dialog_Password.o)
 .bss           0x002006e4        0x4 C:/Users/Student6/Downloads/Programs/Telium SDK/SDK11.16.4.02/SDK11.16.4.02/SDKTPLUS/HW_T2/gnu_434/lib/GRAPHICLIB.LIB(GL_GraphicLib_Create.o)
 .bss           0x002006e8        0x0 C:/Users/Student6/Downloads/Programs/Telium SDK/SDK11.16.4.02/SDK11.16.4.02/SDKTPLUS/HW_T2/gnu_434/lib/GRAPHICLIB.LIB(GL_Label_Create.o)
 .bss           0x002006e8        0x0 C:/Users/Student6/Downloads/Programs/Telium SDK/SDK11.16.4.02/SDK11.16.4.02/SDKTPLUS/HW_T2/gnu_434/lib/GRAPHICLIB.LIB(GL_Widget_Destroy.o)
 .bss           0x002006e8        0x0 C:/Users/Student6/Downloads/Programs/Telium SDK/SDK11.16.4.02/SDK11.16.4.02/SDKTPLUS/HW_T2/gnu_434/lib/GRAPHICLIB.LIB(GL_Widget_SetBackAlign.o)
 .bss           0x002006e8        0x0 C:/Users/Student6/Downloads/Programs/Telium SDK/SDK11.16.4.02/SDK11.16.4.02/SDKTPLUS/HW_T2/gnu_434/lib/GRAPHICLIB.LIB(GL_Widget_SetFontScale.o)
 .bss           0x002006e8        0x0 C:/Users/Student6/Downloads/Programs/Telium SDK/SDK11.16.4.02/SDK11.16.4.02/SDKTPLUS/HW_T2/gnu_434/lib/GRAPHICLIB.LIB(GL_Widget_SetText.o)
 .bss           0x002006e8        0x0 C:/Users/Student6/Downloads/Programs/Telium SDK/SDK11.16.4.02/SDK11.16.4.02/SDKTPLUS/HW_T2/gnu_434/lib/GRAPHICLIB.LIB(GL_Window_Create.o)
 .bss           0x002006e8        0x0 C:/Users/Student6/Downloads/Programs/Telium SDK/SDK11.16.4.02/SDK11.16.4.02/SDKTPLUS/HW_T2/gnu_434/lib/GRAPHICLIB.LIB(GL_Window_Dispatch.o)
 .bss           0x002006e8        0x8 C:/Users/Student6/Downloads/Programs/Telium SDK/SDK11.16.4.02/SDK11.16.4.02/SDKTPLUS/HW_T2/gnu_434/lib/GRAPHICLIB.LIB(GL_link.o)
 .bss           0x002006f0        0x0 C:/Users/Student6/Downloads/Programs/Telium SDK/SDK11.16.4.02/SDK11.16.4.02/SDKTPLUS/HW_T2/gnu_434/lib/GRAPHICLIB.LIB(gl_asm_link.o)
 .bss           0x002006f0        0x0 C:/Users/Student6/Downloads/Programs/IngeDev_8.18.0.5/toolchains/gnuArm4/arm-elf/lib/thumb/soft/interwork/libc.a(lib_a-memcpy.o)
 .bss           0x002006f0        0x0 C:/Users/Student6/Downloads/Programs/IngeDev_8.18.0.5/toolchains/gnuArm4/arm-elf/lib/thumb/soft/interwork/libc.a(lib_a-memset.o)
 .bss           0x002006f0        0x0 C:/Users/Student6/Downloads/Programs/IngeDev_8.18.0.5/toolchains/gnuArm4/arm-elf/lib/thumb/soft/interwork/libc.a(lib_a-sscanf.o)
 .bss           0x002006f0        0x0 C:/Users/Student6/Downloads/Programs/IngeDev_8.18.0.5/toolchains/gnuArm4/arm-elf/lib/thumb/soft/interwork/libc.a(lib_a-stdio.o)
 .bss           0x002006f0        0x0 C:/Users/Student6/Downloads/Programs/IngeDev_8.18.0.5/toolchains/gnuArm4/arm-elf/lib/thumb/soft/interwork/libc.a(lib_a-strchr.o)
 .bss           0x002006f0        0x0 C:/Users/Student6/Downloads/Programs/IngeDev_8.18.0.5/toolchains/gnuArm4/arm-elf/lib/thumb/soft/interwork/libc.a(lib_a-strcpy.o)
 .bss           0x002006f0        0x0 C:/Users/Student6/Downloads/Programs/IngeDev_8.18.0.5/toolchains/gnuArm4/arm-elf/lib/thumb/soft/interwork/libc.a(lib_a-strlen.o)
 .bss           0x002006f0        0x0 C:/Users/Student6/Downloads/Programs/IngeDev_8.18.0.5/toolchains/gnuArm4/arm-elf/lib/thumb/soft/interwork/libc.a(lib_a-strncpy.o)
 .bss           0x002006f0        0x0 C:/Users/Student6/Downloads/Programs/IngeDev_8.18.0.5/toolchains/gnuArm4/arm-elf/lib/thumb/soft/interwork/libc.a(lib_a-svfscanf.o)
 .bss           0x002006f0        0x0 C:/Users/Student6/Downloads/Programs/IngeDev_8.18.0.5/toolchains/gnuArm4/arm-elf/lib/thumb/soft/interwork/libc.a(lib_a-writer.o)
 .bss           0x002006f0        0x0 C:/Users/Student6/Downloads/Programs/IngeDev_8.18.0.5/toolchains/gnuArm4/arm-elf/lib/thumb/soft/interwork/libc.a(lib_a-closer.o)
 .bss           0x002006f0        0x0 C:/Users/Student6/Downloads/Programs/IngeDev_8.18.0.5/toolchains/gnuArm4/arm-elf/lib/thumb/soft/interwork/libc.a(lib_a-ctype_.o)
 .bss           0x002006f0        0x0 C:/Users/Student6/Downloads/Programs/IngeDev_8.18.0.5/toolchains/gnuArm4/arm-elf/lib/thumb/soft/interwork/libc.a(lib_a-findfp.o)
 .bss           0x002006f0        0x0 C:/Users/Student6/Downloads/Programs/IngeDev_8.18.0.5/toolchains/gnuArm4/arm-elf/lib/thumb/soft/interwork/libc.a(lib_a-fwalk.o)
 .bss           0x002006f0        0x0 C:/Users/Student6/Downloads/Programs/IngeDev_8.18.0.5/toolchains/gnuArm4/arm-elf/lib/thumb/soft/interwork/libc.a(lib_a-impure.o)
 .bss           0x002006f0        0x0 C:/Users/Student6/Downloads/Programs/IngeDev_8.18.0.5/toolchains/gnuArm4/arm-elf/lib/thumb/soft/interwork/libc.a(lib_a-iswspace.o)
 .bss           0x002006f0        0xc C:/Users/Student6/Downloads/Programs/IngeDev_8.18.0.5/toolchains/gnuArm4/arm-elf/lib/thumb/soft/interwork/libc.a(lib_a-locale.o)
                0x002006f0                __nlocale_changed
                0x002006f4                __mlocale_changed
                0x002006f8                _PathLocale
 .bss           0x002006fc        0x0 C:/Users/Student6/Downloads/Programs/IngeDev_8.18.0.5/toolchains/gnuArm4/arm-elf/lib/thumb/soft/interwork/libc.a(lib_a-lseekr.o)
 .bss           0x002006fc        0x0 C:/Users/Student6/Downloads/Programs/IngeDev_8.18.0.5/toolchains/gnuArm4/arm-elf/lib/thumb/soft/interwork/libc.a(lib_a-mbrtowc.o)
 .bss           0x002006fc        0x0 C:/Users/Student6/Downloads/Programs/IngeDev_8.18.0.5/toolchains/gnuArm4/arm-elf/lib/thumb/soft/interwork/libc.a(lib_a-mbtowc_r.o)
 .bss           0x002006fc        0x0 C:/Users/Student6/Downloads/Programs/IngeDev_8.18.0.5/toolchains/gnuArm4/arm-elf/lib/thumb/soft/interwork/libc.a(lib_a-readr.o)
 .bss           0x002006fc        0x0 C:/Users/Student6/Downloads/Programs/IngeDev_8.18.0.5/toolchains/gnuArm4/arm-elf/lib/thumb/soft/interwork/libc.a(lib_a-reent.o)
 .bss           0x002006fc        0x0 C:/Users/Student6/Downloads/Programs/IngeDev_8.18.0.5/toolchains/gnuArm4/arm-elf/lib/thumb/soft/interwork/libc.a(lib_a-s_fpclassify.o)
 .bss           0x002006fc        0x0 C:/Users/Student6/Downloads/Programs/IngeDev_8.18.0.5/toolchains/gnuArm4/arm-elf/lib/thumb/soft/interwork/libc.a(lib_a-sccl.o)
 .bss           0x002006fc        0x0 C:/Users/Student6/Downloads/Programs/IngeDev_8.18.0.5/toolchains/gnuArm4/arm-elf/lib/thumb/soft/interwork/libc.a(lib_a-sf_nan.o)
 .bss           0x002006fc        0x0 C:/Users/Student6/Downloads/Programs/IngeDev_8.18.0.5/toolchains/gnuArm4/arm-elf/lib/thumb/soft/interwork/libc.a(lib_a-strcmp.o)
 .bss           0x002006fc        0x0 C:/Users/Student6/Downloads/Programs/IngeDev_8.18.0.5/toolchains/gnuArm4/arm-elf/lib/thumb/soft/interwork/libc.a(lib_a-strtod.o)
 .bss           0x002006fc        0x0 C:/Users/Student6/Downloads/Programs/IngeDev_8.18.0.5/toolchains/gnuArm4/arm-elf/lib/thumb/soft/interwork/libc.a(lib_a-strtol.o)
 .bss           0x002006fc        0x0 C:/Users/Student6/Downloads/Programs/IngeDev_8.18.0.5/toolchains/gnuArm4/arm-elf/lib/thumb/soft/interwork/libc.a(lib_a-strtoul.o)
 .bss           0x002006fc        0x0 C:/Users/Student6/Downloads/Programs/IngeDev_8.18.0.5/toolchains/gnuArm4/arm-elf/lib/thumb/soft/interwork/libc.a(lib_a-svfiscanf.o)
 .bss           0x002006fc       0xb0 C:/Users/Student6/Downloads/Programs/IngeDev_8.18.0.5/toolchains/gnuArm4/arm-elf/lib/thumb/soft/interwork/libc.a(lib_a-syscalls.o)
 .bss           0x002007ac        0x0 C:/Users/Student6/Downloads/Programs/IngeDev_8.18.0.5/toolchains/gnuArm4/arm-elf/lib/thumb/soft/interwork/libc.a(lib_a-ungetc.o)
 .bss           0x002007ac        0x0 C:/Users/Student6/Downloads/Programs/IngeDev_8.18.0.5/toolchains/gnuArm4/arm-elf/lib/thumb/soft/interwork/libc.a(lib_a-errno.o)
 .bss           0x002007ac        0x0 C:/Users/Student6/Downloads/Programs/IngeDev_8.18.0.5/toolchains/gnuArm4/arm-elf/lib/thumb/soft/interwork/libc.a(lib_a-fclose.o)
 .bss           0x002007ac        0x0 C:/Users/Student6/Downloads/Programs/IngeDev_8.18.0.5/toolchains/gnuArm4/arm-elf/lib/thumb/soft/interwork/libc.a(lib_a-fflush.o)
 .bss           0x002007ac        0x0 C:/Users/Student6/Downloads/Programs/IngeDev_8.18.0.5/toolchains/gnuArm4/arm-elf/lib/thumb/soft/interwork/libc.a(lib_a-gdtoa-gethex.o)
 .bss           0x002007ac        0x0 C:/Users/Student6/Downloads/Programs/IngeDev_8.18.0.5/toolchains/gnuArm4/arm-elf/lib/thumb/soft/interwork/libc.a(lib_a-gdtoa-hexnan.o)
 .bss           0x002007ac        0x0 C:/Users/Student6/Downloads/Programs/IngeDev_8.18.0.5/toolchains/gnuArm4/arm-elf/lib/thumb/soft/interwork/libc.a(lib_a-mprec.o)
 .bss           0x002007ac        0x0 C:/Users/Student6/Downloads/Programs/IngeDev_8.18.0.5/toolchains/gnuArm4/arm-elf/lib/thumb/soft/interwork/libc.a(lib_a-strncmp.o)
 .bss           0x002007ac        0x0 C:/Users/Student6/Downloads/Programs/IngeDev_8.18.0.5/toolchains/gnuArm4/lib/gcc/arm-elf/4.3.4/thumb/soft/interwork/libgcc.a(_udivsi3.o)
 .bss           0x002007ac        0x0 C:/Users/Student6/Downloads/Programs/IngeDev_8.18.0.5/toolchains/gnuArm4/lib/gcc/arm-elf/4.3.4/thumb/soft/interwork/libgcc.a(_divsi3.o)
 .bss           0x002007ac        0x0 C:/Users/Student6/Downloads/Programs/IngeDev_8.18.0.5/toolchains/gnuArm4/lib/gcc/arm-elf/4.3.4/thumb/soft/interwork/libgcc.a(_umodsi3.o)
 .bss           0x002007ac        0x0 C:/Users/Student6/Downloads/Programs/IngeDev_8.18.0.5/toolchains/gnuArm4/lib/gcc/arm-elf/4.3.4/thumb/soft/interwork/libgcc.a(_dvmd_tls.o)
 .bss           0x002007ac        0x0 C:/Users/Student6/Downloads/Programs/IngeDev_8.18.0.5/toolchains/gnuArm4/lib/gcc/arm-elf/4.3.4/thumb/soft/interwork/libgcc.a(_addsubdf3.o)
 .bss           0x002007ac        0x0 C:/Users/Student6/Downloads/Programs/IngeDev_8.18.0.5/toolchains/gnuArm4/lib/gcc/arm-elf/4.3.4/thumb/soft/interwork/libgcc.a(_muldivdf3.o)
 .bss           0x002007ac        0x0 C:/Users/Student6/Downloads/Programs/IngeDev_8.18.0.5/toolchains/gnuArm4/lib/gcc/arm-elf/4.3.4/thumb/soft/interwork/libgcc.a(_cmpdf2.o)
 .bss           0x002007ac        0x0 C:/Users/Student6/Downloads/Programs/IngeDev_8.18.0.5/toolchains/gnuArm4/lib/gcc/arm-elf/4.3.4/thumb/soft/interwork/libgcc.a(_fixdfsi.o)
 .bss           0x002007ac        0x0 C:/Users/Student6/Downloads/Programs/IngeDev_8.18.0.5/toolchains/gnuArm4/lib/gcc/arm-elf/4.3.4/thumb/soft/interwork/libgcc.a(_fixunsdfsi.o)
 .bss           0x002007ac        0x0 C:/Users/Student6/Downloads/Programs/IngeDev_8.18.0.5/toolchains/gnuArm4/lib/gcc/arm-elf/4.3.4/thumb/soft/interwork/libgcc.a(_truncdfsf2.o)
 .bss           0x002007ac        0x0 C:/Users/Student6/Downloads/Programs/IngeDev_8.18.0.5/toolchains/gnuArm4/lib/gcc/arm-elf/4.3.4/thumb/soft/interwork/libgcc.a(_cmpsf2.o)
 .bss           0x002007ac        0x0 C:/Users/Student6/Downloads/Programs/Telium SDK/SDK11.16.4.02/SDK11.16.4.02/SDKTPLUS/HW_T2/gnu_434/lib/TRAP_TELIUM_PLUS.LIB(upload_diagnostic_txt.o)
 *(.gnu.linkonce.b.*)
 *(COMMON)
 COMMON         0x002007ac        0xc Obj/GNU_ARM_DEBUG_T2/Menu.o
                0x002007ac                sSavedStatusLeds
                0x002007b0                sSavedStatusFooter
                0x002007b4                sSavedStatusHeader
 COMMON         0x002007b8       0x96 Obj/GNU_ARM_DEBUG_T2/SaleScreen.o
                0x002007b8                cardDetails
 COMMON         0x0020084e      0x180 Obj/GNU_ARM_DEBUG_T2/cardProcess.o
                0x0020084e                tcTrk2
                0x002008ce                tcTrk3
                0x0020094e                tcTrk1
 *fill*         0x002009ce        0x2 00
 COMMON         0x002009d0        0x4 C:/Users/Student6/Downloads/Programs/IngeDev_8.18.0.5/toolchains/gnuArm4/arm-elf/lib/thumb/soft/interwork/libc.a(lib_a-reent.o)
                0x002009d0                errno
 COMMON         0x002009d4      0x100 C:/Users/Student6/Downloads/Programs/IngeDev_8.18.0.5/toolchains/gnuArm4/arm-elf/lib/thumb/soft/interwork/libc.a(lib_a-gdtoa-gethex.o)
                0x002009d4                __hexdig
                0x00200ad4                __bss_end = .
                0x00200ad4                PROVIDE (end, .)
LOAD C:/Users/Student6/Downloads/Programs/Telium SDK/SDK11.16.4.02/SDK11.16.4.02/SDKTPLUS/HW_T2/gnu_434/startfiles/cstartupTplus.o
LOAD C:/Users/Student6/Downloads/Programs/Telium SDK/SDK11.16.4.02/SDK11.16.4.02/SDKTPLUS/HW_T2/gnu_434/startfiles/libcpatch.o
LOAD Obj/GNU_ARM_DEBUG_T2/Main.o
LOAD Obj/GNU_ARM_DEBUG_T2/Entry.o
LOAD Obj/GNU_ARM_DEBUG_T2/Menu.o
LOAD Obj/GNU_ARM_DEBUG_T2/Utils.o
LOAD Obj/GNU_ARM_DEBUG_T2/SaleScreen.o
LOAD Obj/GNU_ARM_DEBUG_T2/billPayScreen.o
LOAD Obj/GNU_ARM_DEBUG_T2/cashBackScreen.o
LOAD Obj/GNU_ARM_DEBUG_T2/cardProcess.o
START GROUP
LOAD C:/Users/Student6/Downloads/Programs/Telium SDK/SDK11.16.4.02/SDK11.16.4.02/SDKTPLUS/HW_T2/gnu_434/lib/BarCode_TPlus.lib
LOAD C:/Users/Student6/Downloads/Programs/Telium SDK/SDK11.16.4.02/SDK11.16.4.02/SDKTPLUS/HW_T2/gnu_434/lib/eft30tplus.lib
LOAD C:/Users/Student6/Downloads/Programs/Telium SDK/SDK11.16.4.02/SDK11.16.4.02/SDKTPLUS/HW_T2/gnu_434/lib/TRAP_TELIUM_PLUS.LIB
LOAD C:/Users/Student6/Downloads/Programs/Telium SDK/SDK11.16.4.02/SDK11.16.4.02/SDKTPLUS/HW_T2/gnu_434/lib/BCR_TPlus.lib
LOAD C:/Users/Student6/Downloads/Programs/Telium SDK/SDK11.16.4.02/SDK11.16.4.02/SDKTPLUS/HW_T2/gnu_434/lib/SECTPLUS.lib
LOAD C:/Users/Student6/Downloads/Programs/Telium SDK/SDK11.16.4.02/SDK11.16.4.02/SDKTPLUS/HW_T2/gnu_434/lib/SEC_extend.lib
LOAD C:/Users/Student6/Downloads/Programs/Telium SDK/SDK11.16.4.02/SDK11.16.4.02/SDKTPLUS/HW_T2/gnu_434/lib/Digest_TPlus.lib
LOAD C:/Users/Student6/Downloads/Programs/Telium SDK/SDK11.16.4.02/SDK11.16.4.02/SDKTPLUS/HW_T2/gnu_434/lib/dll_wifi_TPlus.lib
LOAD C:/Users/Student6/Downloads/Programs/Telium SDK/SDK11.16.4.02/SDK11.16.4.02/SDKTPLUS/HW_T2/gnu_434/lib/IP_TPlus.lib
LOAD C:/Users/Student6/Downloads/Programs/Telium SDK/SDK11.16.4.02/SDK11.16.4.02/SDKTPLUS/HW_T2/gnu_434/lib/LinkLayerExeInterface_TPlus.lib
LOAD C:/Users/Student6/Downloads/Programs/Telium SDK/SDK11.16.4.02/SDK11.16.4.02/SDKTPLUS/HW_T2/gnu_434/lib/SNMP_Tplus.lib
LOAD C:/Users/Student6/Downloads/Programs/Telium SDK/SDK11.16.4.02/SDK11.16.4.02/SDKTPLUS/HW_T2/gnu_434/lib/SSL_TPlus.lib
LOAD C:/Users/Student6/Downloads/Programs/Telium SDK/SDK11.16.4.02/SDK11.16.4.02/SDKTPLUS/HW_T2/gnu_434/lib/gps_dll.lib
LOAD C:/Users/Student6/Downloads/Programs/Telium SDK/SDK11.16.4.02/SDK11.16.4.02/SDKTPLUS/HW_T2/gnu_434/lib/IPA280_TPlus.lib
LOAD C:/Users/Student6/Downloads/Programs/Telium SDK/SDK11.16.4.02/SDK11.16.4.02/SDKTPLUS/HW_T2/gnu_434/lib/ExtraGPRS.lib
LOAD C:/Users/Student6/Downloads/Programs/Telium SDK/SDK11.16.4.02/SDK11.16.4.02/SDKTPLUS/HW_T2/gnu_434/lib/Mifare_TPlus.lib
LOAD C:/Users/Student6/Downloads/Programs/Telium SDK/SDK11.16.4.02/SDK11.16.4.02/SDKTPLUS/HW_T2/gnu_434/lib/TPass_TPlus.lib
LOAD C:/Users/Student6/Downloads/Programs/Telium SDK/SDK11.16.4.02/SDK11.16.4.02/SDKTPLUS/HW_T2/gnu_434/lib/GTL_TPlus.lib
LOAD C:/Users/Student6/Downloads/Programs/Telium SDK/SDK11.16.4.02/SDK11.16.4.02/SDKTPLUS/HW_T2/gnu_434/lib/NDEF_TPlus.LIB
LOAD C:/Users/Student6/Downloads/Programs/Telium SDK/SDK11.16.4.02/SDK11.16.4.02/SDKTPLUS/HW_T2/gnu_434/lib/SNTP.lib
LOAD C:/Users/Student6/Downloads/Programs/Telium SDK/SDK11.16.4.02/SDK11.16.4.02/SDKTPLUS/HW_T2/gnu_434/lib/XMLs_TPlus.lib
LOAD C:/Users/Student6/Downloads/Programs/Telium SDK/SDK11.16.4.02/SDK11.16.4.02/SDKTPLUS/HW_T2/gnu_434/lib/FMG_TPlus.lib
LOAD C:/Users/Student6/Downloads/Programs/Telium SDK/SDK11.16.4.02/SDK11.16.4.02/SDKTPLUS/HW_T2/gnu_434/lib/TlvTree_TPlus.lib
LOAD C:/Users/Student6/Downloads/Programs/Telium SDK/SDK11.16.4.02/SDK11.16.4.02/SDKTPLUS/HW_T2/gnu_434/lib/FTP_TPlus.lib
LOAD C:/Users/Student6/Downloads/Programs/Telium SDK/SDK11.16.4.02/SDK11.16.4.02/SDKTPLUS/HW_T2/gnu_434/lib/OSLAYER.LIB
LOAD C:/Users/Student6/Downloads/Programs/Telium SDK/SDK11.16.4.02/SDK11.16.4.02/SDKTPLUS/HW_T2/gnu_434/lib/LIBOS.LIB
LOAD C:/Users/Student6/Downloads/Programs/Telium SDK/SDK11.16.4.02/SDK11.16.4.02/SDKTPLUS/HW_T2/gnu_434/lib/libTmsCall_TPlus.lib
LOAD C:/Users/Student6/Downloads/Programs/Telium SDK/SDK11.16.4.02/SDK11.16.4.02/SDKTPLUS/HW_T2/gnu_434/lib/LIBGRAPHICS.LIB
LOAD C:/Users/Student6/Downloads/Programs/Telium SDK/SDK11.16.4.02/SDK11.16.4.02/SDKTPLUS/HW_T2/gnu_434/lib/GRAPHICLIB.LIB
LOAD C:/Users/Student6/Downloads/Programs/IngeDev_8.18.0.5/toolchains/gnuArm4/arm-elf/lib/thumb/soft/interwork/libsupc++.a
LOAD C:/Users/Student6/Downloads/Programs/IngeDev_8.18.0.5/toolchains/gnuArm4/arm-elf/lib/thumb/soft/interwork/libc.a
LOAD C:/Users/Student6/Downloads/Programs/IngeDev_8.18.0.5/toolchains/gnuArm4/lib/gcc/arm-elf/4.3.4/thumb/soft/interwork/libgcc.a
END GROUP
OUTPUT(Obj/GNU_ARM_DEBUG_T2/TONY.axf elf32-littlearm)

.ARM.attributes
                0x00000000       0x10
 .ARM.attributes
                0x00000000       0x10 C:/Users/Student6/Downloads/Programs/Telium SDK/SDK11.16.4.02/SDK11.16.4.02/SDKTPLUS/HW_T2/gnu_434/startfiles/cstartupTplus.o
 .ARM.attributes
                0x00000010       0x10 Obj/GNU_ARM_DEBUG_T2/Main.o
 .ARM.attributes
                0x00000020       0x10 Obj/GNU_ARM_DEBUG_T2/Entry.o
 .ARM.attributes
                0x00000030       0x10 Obj/GNU_ARM_DEBUG_T2/Menu.o
 .ARM.attributes
                0x00000040       0x10 Obj/GNU_ARM_DEBUG_T2/Utils.o
 .ARM.attributes
                0x00000050       0x10 Obj/GNU_ARM_DEBUG_T2/SaleScreen.o
 .ARM.attributes
                0x00000060       0x10 Obj/GNU_ARM_DEBUG_T2/billPayScreen.o
 .ARM.attributes
                0x00000070       0x10 Obj/GNU_ARM_DEBUG_T2/cashBackScreen.o
 .ARM.attributes
                0x00000080       0x10 Obj/GNU_ARM_DEBUG_T2/cardProcess.o
 .ARM.attributes
                0x00000090       0x10 C:/Users/Student6/Downloads/Programs/Telium SDK/SDK11.16.4.02/SDK11.16.4.02/SDKTPLUS/HW_T2/gnu_434/lib/eft30tplus.lib(Beep.o)
 .ARM.attributes
                0x000000a0       0x10 C:/Users/Student6/Downloads/Programs/Telium SDK/SDK11.16.4.02/SDK11.16.4.02/SDKTPLUS/HW_T2/gnu_434/lib/eft30tplus.lib(extenstp1.o)
 .ARM.attributes
                0x000000b0       0x10 C:/Users/Student6/Downloads/Programs/Telium SDK/SDK11.16.4.02/SDK11.16.4.02/SDKTPLUS/HW_T2/gnu_434/lib/eft30tplus.lib(DisplayFooter.o)
 .ARM.attributes
                0x000000c0       0x10 C:/Users/Student6/Downloads/Programs/Telium SDK/SDK11.16.4.02/SDK11.16.4.02/SDKTPLUS/HW_T2/gnu_434/lib/eft30tplus.lib(DisplayHeader.o)
 .ARM.attributes
                0x000000d0       0x10 C:/Users/Student6/Downloads/Programs/Telium SDK/SDK11.16.4.02/SDK11.16.4.02/SDKTPLUS/HW_T2/gnu_434/lib/eft30tplus.lib(DisplayLeds.o)
 .ARM.attributes
                0x000000e0       0x10 C:/Users/Student6/Downloads/Programs/Telium SDK/SDK11.16.4.02/SDK11.16.4.02/SDKTPLUS/HW_T2/gnu_434/lib/eft30tplus.lib(Telium_Read_date.o)
 .ARM.attributes
                0x000000f0       0x10 C:/Users/Student6/Downloads/Programs/Telium SDK/SDK11.16.4.02/SDK11.16.4.02/SDKTPLUS/HW_T2/gnu_434/lib/eft30tplus.lib(IsISO1.o)
 .ARM.attributes
                0x00000100       0x10 C:/Users/Student6/Downloads/Programs/Telium SDK/SDK11.16.4.02/SDK11.16.4.02/SDKTPLUS/HW_T2/gnu_434/lib/eft30tplus.lib(IsISO2.o)
 .ARM.attributes
                0x00000110       0x10 C:/Users/Student6/Downloads/Programs/Telium SDK/SDK11.16.4.02/SDK11.16.4.02/SDKTPLUS/HW_T2/gnu_434/lib/eft30tplus.lib(IsISO3.o)
 .ARM.attributes
                0x00000120       0x10 C:/Users/Student6/Downloads/Programs/Telium SDK/SDK11.16.4.02/SDK11.16.4.02/SDKTPLUS/HW_T2/gnu_434/lib/eft30tplus.lib(Telium_ServiceRegister.o)
 .ARM.attributes
                0x00000130       0x10 C:/Users/Student6/Downloads/Programs/Telium SDK/SDK11.16.4.02/SDK11.16.4.02/SDKTPLUS/HW_T2/gnu_434/lib/eft30tplus.lib(Telium_Atoi.o)
 .ARM.attributes
                0x00000140       0x10 C:/Users/Student6/Downloads/Programs/Telium SDK/SDK11.16.4.02/SDK11.16.4.02/SDKTPLUS/HW_T2/gnu_434/lib/eft30tplus.lib(Telium_Pprintf.o)
 .ARM.attributes
                0x00000150       0x10 C:/Users/Student6/Downloads/Programs/Telium SDK/SDK11.16.4.02/SDK11.16.4.02/SDKTPLUS/HW_T2/gnu_434/lib/eft30tplus.lib(Telium_Stdprt.o)
 .ARM.attributes
                0x00000160       0x10 C:/Users/Student6/Downloads/Programs/Telium SDK/SDK11.16.4.02/SDK11.16.4.02/SDKTPLUS/HW_T2/gnu_434/lib/eft30tplus.lib(sprintf.o)
 .ARM.attributes
                0x00000170       0x10 C:/Users/Student6/Downloads/Programs/Telium SDK/SDK11.16.4.02/SDK11.16.4.02/SDKTPLUS/HW_T2/gnu_434/lib/eft30tplus.lib(toolstp1.o)
 .ARM.attributes
                0x00000180       0x10 C:/Users/Student6/Downloads/Programs/Telium SDK/SDK11.16.4.02/SDK11.16.4.02/SDKTPLUS/HW_T2/gnu_434/lib/TRAP_TELIUM_PLUS.LIB(ApplicationGetCurrent.o)
 .ARM.attributes
                0x00000190       0x10 C:/Users/Student6/Downloads/Programs/Telium SDK/SDK11.16.4.02/SDK11.16.4.02/SDKTPLUS/HW_T2/gnu_434/lib/TRAP_TELIUM_PLUS.LIB(FS_close.o)
 .ARM.attributes
                0x000001a0       0x10 C:/Users/Student6/Downloads/Programs/Telium SDK/SDK11.16.4.02/SDK11.16.4.02/SDKTPLUS/HW_T2/gnu_434/lib/TRAP_TELIUM_PLUS.LIB(FS_length.o)
 .ARM.attributes
                0x000001b0       0x10 C:/Users/Student6/Downloads/Programs/Telium SDK/SDK11.16.4.02/SDK11.16.4.02/SDKTPLUS/HW_T2/gnu_434/lib/TRAP_TELIUM_PLUS.LIB(FS_mount.o)
 .ARM.attributes
                0x000001c0       0x10 C:/Users/Student6/Downloads/Programs/Telium SDK/SDK11.16.4.02/SDK11.16.4.02/SDKTPLUS/HW_T2/gnu_434/lib/TRAP_TELIUM_PLUS.LIB(FS_open.o)
 .ARM.attributes
                0x000001d0       0x10 C:/Users/Student6/Downloads/Programs/Telium SDK/SDK11.16.4.02/SDK11.16.4.02/SDKTPLUS/HW_T2/gnu_434/lib/TRAP_TELIUM_PLUS.LIB(FS_read.o)
 .ARM.attributes
                0x000001e0       0x10 C:/Users/Student6/Downloads/Programs/Telium SDK/SDK11.16.4.02/SDK11.16.4.02/SDKTPLUS/HW_T2/gnu_434/lib/TRAP_TELIUM_PLUS.LIB(FS_unmount.o)
 .ARM.attributes
                0x000001f0       0x10 C:/Users/Student6/Downloads/Programs/Telium SDK/SDK11.16.4.02/SDK11.16.4.02/SDKTPLUS/HW_T2/gnu_434/lib/TRAP_TELIUM_PLUS.LIB(ObjectGetInfo.o)
 .ARM.attributes
                0x00000200       0x10 C:/Users/Student6/Downloads/Programs/Telium SDK/SDK11.16.4.02/SDK11.16.4.02/SDKTPLUS/HW_T2/gnu_434/lib/TRAP_TELIUM_PLUS.LIB(Telium_Exit.o)
 .ARM.attributes
                0x00000210       0x10 C:/Users/Student6/Downloads/Programs/Telium SDK/SDK11.16.4.02/SDK11.16.4.02/SDKTPLUS/HW_T2/gnu_434/lib/TRAP_TELIUM_PLUS.LIB(Telium_Fclose.o)
 .ARM.attributes
                0x00000220       0x10 C:/Users/Student6/Downloads/Programs/Telium SDK/SDK11.16.4.02/SDK11.16.4.02/SDKTPLUS/HW_T2/gnu_434/lib/TRAP_TELIUM_PLUS.LIB(Telium_Fopen.o)
 .ARM.attributes
                0x00000230       0x10 C:/Users/Student6/Downloads/Programs/Telium SDK/SDK11.16.4.02/SDK11.16.4.02/SDKTPLUS/HW_T2/gnu_434/lib/TRAP_TELIUM_PLUS.LIB(Telium_Is_iso1.o)
 .ARM.attributes
                0x00000240       0x10 C:/Users/Student6/Downloads/Programs/Telium SDK/SDK11.16.4.02/SDK11.16.4.02/SDKTPLUS/HW_T2/gnu_434/lib/TRAP_TELIUM_PLUS.LIB(Telium_Is_iso2.o)
 .ARM.attributes
                0x00000250       0x10 C:/Users/Student6/Downloads/Programs/Telium SDK/SDK11.16.4.02/SDK11.16.4.02/SDKTPLUS/HW_T2/gnu_434/lib/TRAP_TELIUM_PLUS.LIB(Telium_Is_iso3.o)
 .ARM.attributes
                0x00000260       0x10 C:/Users/Student6/Downloads/Programs/Telium SDK/SDK11.16.4.02/SDK11.16.4.02/SDKTPLUS/HW_T2/gnu_434/lib/TRAP_TELIUM_PLUS.LIB(Telium_Status.o)
 .ARM.attributes
                0x00000270       0x10 C:/Users/Student6/Downloads/Programs/Telium SDK/SDK11.16.4.02/SDK11.16.4.02/SDKTPLUS/HW_T2/gnu_434/lib/TRAP_TELIUM_PLUS.LIB(Telium_Stdperif.o)
 .ARM.attributes
                0x00000280       0x10 C:/Users/Student6/Downloads/Programs/Telium SDK/SDK11.16.4.02/SDK11.16.4.02/SDKTPLUS/HW_T2/gnu_434/lib/TRAP_TELIUM_PLUS.LIB(Telium_Ttestall.o)
 .ARM.attributes
                0x00000290       0x10 C:/Users/Student6/Downloads/Programs/Telium SDK/SDK11.16.4.02/SDK11.16.4.02/SDKTPLUS/HW_T2/gnu_434/lib/TRAP_TELIUM_PLUS.LIB(Telium_Vfprintf.o)
 .ARM.attributes
                0x000002a0       0x10 C:/Users/Student6/Downloads/Programs/Telium SDK/SDK11.16.4.02/SDK11.16.4.02/SDKTPLUS/HW_T2/gnu_434/lib/TRAP_TELIUM_PLUS.LIB(Telium_Vsprintf.o)
 .ARM.attributes
                0x000002b0       0x10 C:/Users/Student6/Downloads/Programs/Telium SDK/SDK11.16.4.02/SDK11.16.4.02/SDKTPLUS/HW_T2/gnu_434/lib/TRAP_TELIUM_PLUS.LIB(first_init.o)
 .ARM.attributes
                0x000002c0       0x10 C:/Users/Student6/Downloads/Programs/Telium SDK/SDK11.16.4.02/SDK11.16.4.02/SDKTPLUS/HW_T2/gnu_434/lib/TRAP_TELIUM_PLUS.LIB(raz_init.o)
 .ARM.attributes
                0x000002d0       0x10 C:/Users/Student6/Downloads/Programs/Telium SDK/SDK11.16.4.02/SDK11.16.4.02/SDKTPLUS/HW_T2/gnu_434/lib/TRAP_TELIUM_PLUS.LIB(ufree.o)
 .ARM.attributes
                0x000002e0       0x10 C:/Users/Student6/Downloads/Programs/Telium SDK/SDK11.16.4.02/SDK11.16.4.02/SDKTPLUS/HW_T2/gnu_434/lib/TRAP_TELIUM_PLUS.LIB(umalloc.o)
 .ARM.attributes